<html>
<body>
<pre>
<h1>µVision Build Log</h1>
<h2>Project:</h2>
C:\Users\Matthias\SkyDrive\Documents\GitHub\pixy\device\video\video.uvproj
Project File Date:  05/11/2014

<h2>Output:</h2>
Build Project 'video' - Target 'Flash'
compiling main_m4.cpp...
compiling conncomp.cpp...
C:\Users\Matthias\SkyDrive\Documents\GitHub\pixy\device\video\conncomp.cpp(109): warning:  #177-D: variable "i" was declared but never referenced
        int i, res;
C:\Users\Matthias\SkyDrive\Documents\GitHub\pixy\device\video\conncomp.cpp(109): warning:  #177-D: variable "res" was declared but never referenced
        int i, res;
C:\Users\Matthias\SkyDrive\Documents\GitHub\pixy\device\video\conncomp.cpp(110): warning:  #177-D: variable "len" was declared but never referenced
        uint32_t len;
C:\Users\Matthias\SkyDrive\Documents\GitHub\pixy\device\video\conncomp.cpp(111): warning:  #177-D: variable "id" was declared but never referenced
        char id[32];
conncomp.cpp: 4 warnings, 0 errors
compiling progblobs.cpp...
compiling colorlut.cpp...
linking...
Program Size: Code=63266 RO-data=17606 RW-data=424 ZI-data=30792  
FromELF: creating hex file...
".\spifi\video.axf" - 0 Error(s), 4 Warning(s).
