Product: MDK-ARM Professional 5.10
Component: ARM Compiler 5.04 update 1 (build 49)
Tool: armlink [5040049]

==============================================================================

Section Cross References

    main_m4.o(.text) refers to _printf_percent.o(.ARM.Collect$$_printf_percent$$00000000) for _printf_percent
    main_m4.o(.text) refers to _printf_d.o(.ARM.Collect$$_printf_percent$$00000009) for _printf_d
    main_m4.o(.text) refers to _printf_dec.o(.text) for _printf_int_dec
    main_m4.o(.text) refers to __2sprintf.o(.text) for __2sprintf
    main_m4.o(.text) refers to misc.o(i.showError) for showError
    main_m4.o(.text) refers to pixy_init.o(i._Z8pixyInitjPKhj) for pixyInit(unsigned, const unsigned char*, unsigned)
    main_m4.o(.text) refers to conncomp.o(.text) for cc_init(Chirp*)
    main_m4.o(.text) refers to serial.o(.text) for ser_init()
    main_m4.o(.text) refers to exec.o(.text) for exec_init(Chirp*)
    main_m4.o(.text) refers to progpt.o(.text) for ptLoadParams()
    main_m4.o(.text) refers to main_m4.o(.constdata) for LR0
    main_m4.o(.text) refers to pixy_init.o(.data) for g_chirpUsb
    main_m4.o(.text) refers to progblobs.o(.data) for g_progBlobs
    main_m4.o(.text) refers to progpt.o(.data) for g_progPt
    main_m4.o(.text) refers to progvideo.o(.data) for g_progVideo
    main_m4.o(.ARM.exidx) refers to main_m4.o(.text) for .text
    conncomp.o(.text) refers to _printf_percent.o(.ARM.Collect$$_printf_percent$$00000000) for _printf_percent
    conncomp.o(.text) refers to _printf_d.o(.ARM.Collect$$_printf_percent$$00000009) for _printf_d
    conncomp.o(.text) refers to _printf_dec.o(.text) for _printf_int_dec
    conncomp.o(.text) refers to colorlut.o(.text) for ColorLUT::clear(unsigned char)
    conncomp.o(.text) refers to qqueue.o(.text) for Qqueue::flush()
    conncomp.o(.text) refers to conncomp.o(i._ZN10ColorModelC1Ev) for ColorModel::ColorModel()
    conncomp.o(.text) refers to __2sprintf.o(.text) for __2sprintf
    conncomp.o(.text) refers to param.o(i._Z7prm_addPKcjS0_z) for prm_add(const char*, unsigned, const char*, ...)
    conncomp.o(.text) refers to param.o(i._Z7prm_getPKcz) for prm_get(const char*, ...)
    conncomp.o(.text) refers to blobs.o(.text) for Blobs::setParams(unsigned short, unsigned short, unsigned)
    conncomp.o(.text) refers to new.o(i._Znwj) for operator new(unsigned)
    conncomp.o(.text) refers to chirp.o(i._ZN5Chirp14registerModuleEPK10ProcModule) for Chirp::registerModule(const ProcModule*)
    conncomp.o(.text) refers to chirp.o(i._ZN5Chirp7getProcEPKcPFjPS_E) for Chirp::getProc(const char*, unsigned(*)(Chirp*))
    conncomp.o(.text) refers to pixy_init.o(i._Z7cprintfPKcz) for cprintf(const char*, ...)
    conncomp.o(.text) refers to param.o(i._Z7prm_setPKcz) for prm_set(const char*, ...)
    conncomp.o(.text) refers to param.o(i._Z12prm_setDirtyb) for prm_setDirty(bool)
    conncomp.o(.text) refers to chirp.o(i._ZN5Chirp8assembleEhz) for Chirp::assemble(unsigned char, ...)
    conncomp.o(.text) refers to rt_memclr_w.o(.text) for __aeabi_memclr4
    conncomp.o(.text) refers to conncomp.o(.data) for g_loop
    conncomp.o(.text) refers to camera.o(.data) for g_rawFrame
    conncomp.o(.text) refers to conncomp.o(.conststring) for .conststring
    conncomp.o(.text) refers to conncomp.o(.constdata) for g_module
    conncomp.o(.text) refers to pixy_init.o(.data) for g_chirpM0
    conncomp.o(.text) refers to camera.o(i._Z11cam_setModeRKh) for cam_setMode(const unsigned char&)
    conncomp.o(.text) refers to chirp.o(i._ZN5Chirp4callEhsz) for Chirp::call(unsigned char, short, ...)
    conncomp.o(.text) refers to chirp.o(i._ZN5Chirp9serializeEPS_Phjz) for Chirp::serialize(Chirp*, unsigned char*, unsigned, ...)
    conncomp.o(.text) refers to chirp.o(i._ZN5Chirp9useBufferEPhj) for Chirp::useBuffer(unsigned char*, unsigned)
    conncomp.o(.text) refers to fflt_clz.o(x$fpl$ffltu) for __aeabi_ui2f
    conncomp.o(.text) refers to logf.o(i.logf) for logf
    conncomp.o(.text) refers to fmul.o(x$fpl$fmul) for __aeabi_fmul
    conncomp.o(.text) refers to ffixu.o(x$fpl$ffixu) for __aeabi_f2uiz
    conncomp.o(.text) refers to led.o(i._Z10led_setRGBRKhS0_S0_) for led_setRGB(const unsigned char&, const unsigned char&, const unsigned char&)
    conncomp.o(.text) refers to led.o(i._Z7led_setRKj) for led_set(const unsigned&)
    conncomp.o(.ARM.exidx) refers to conncomp.o(.text) for .text
    conncomp.o(.constdata) refers to conncomp.o(.conststring) for .conststring
    conncomp.o(.constdata) refers to conncomp.o(.text) for cc_getRLSFrameChirp(Chirp*)
    exec.o(.text) refers to param.o(i._Z7prm_addPKcjS0_z) for prm_add(const char*, unsigned, const char*, ...)
    exec.o(.text) refers to new.o(i._Znwj) for operator new(unsigned)
    exec.o(.text) refers to button.o(.text) for ButtonMachine::ButtonMachine()
    exec.o(.text) refers to chirp.o(i._ZN5Chirp14registerModuleEPK10ProcModule) for Chirp::registerModule(const ProcModule*)
[...]
    vtable for Link                          0x10011ba0   Data          36  usblink.o(.constdata__ZTV4Link)
    vtable for Uart                          0x10011bc4   Data          28  uart.o(.constdata__ZTV4Uart)
    vtable for Chirp                         0x10011be0   Data          24  chirp.o(.constdata__ZTV5Chirp)
    vtable for SMLink                        0x10011bf8   Data          36  smlink.o(.constdata__ZTV6SMLink)
    vtable for Iserial                       0x10011c1c   Data          28  i2c.o(.constdata__ZTV7Iserial)
    vtable for USBLink                       0x10011c38   Data          36  usblink.o(.constdata__ZTV7USBLink)
    vtable for AnalogDig                     0x10011c5c   Data          28  analogdig.o(.constdata__ZTV9AnalogDig)
    __ctype                                  0x1001397d   Data           0  lc_ctype_c.o(locale$$data)
    SHT$$INIT_ARRAY$$Base                    0x10013a80   Number         0  progpt.o(.init_array)
    SHT$$INIT_ARRAY$$Limit                   0x10013a88   Number         0  init_aeabi.o(.init_array)
    __main                                   0x14000009   Thumb Code     8  __main.o(!!!main)
    __scatterload                            0x14000011   Thumb Code     0  __scatter.o(!!!scatter)
    __scatterload_rt2                        0x14000011   Thumb Code    44  __scatter.o(!!!scatter)
    __scatterload_rt2_thumb_only             0x14000011   Thumb Code     0  __scatter.o(!!!scatter)
    __scatterload_null                       0x1400001f   Thumb Code     0  __scatter.o(!!!scatter)
    __decompress                             0x14000045   Thumb Code    90  __dczerorl2.o(!!dczerorl2)
    __decompress1                            0x14000045   Thumb Code     0  __dczerorl2.o(!!dczerorl2)
    __scatterload_copy                       0x140000a1   Thumb Code    26  __scatter_copy.o(!!handler_copy)
    __scatterload_zeroinit                   0x140000bd   Thumb Code    28  __scatter_zi.o(!!handler_zi)
    Reset_Handler                            0x140000d9   Thumb Code    16  startup_lpc43xx_m4.o(.text)
    NMI_Handler                              0x140000e9   Thumb Code     2  startup_lpc43xx_m4.o(.text)
    HardFault_Handler                        0x140000eb   Thumb Code     2  startup_lpc43xx_m4.o(.text)
    MemManage_Handler                        0x140000ed   Thumb Code     2  startup_lpc43xx_m4.o(.text)
    BusFault_Handler                         0x140000ef   Thumb Code     2  startup_lpc43xx_m4.o(.text)
    UsageFault_Handler                       0x140000f1   Thumb Code     2  startup_lpc43xx_m4.o(.text)
    SVC_Handler                              0x140000f3   Thumb Code     2  startup_lpc43xx_m4.o(.text)
    DebugMon_Handler                         0x140000f5   Thumb Code     2  startup_lpc43xx_m4.o(.text)
    PendSV_Handler                           0x140000f7   Thumb Code     2  startup_lpc43xx_m4.o(.text)
    SysTick_Handler                          0x140000f9   Thumb Code     2  startup_lpc43xx_m4.o(.text)
    ADC0_IRQHandler                          0x140000fb   Thumb Code     0  startup_lpc43xx_m4.o(.text)
    ADC1_IRQHandler                          0x140000fb   Thumb Code     0  startup_lpc43xx_m4.o(.text)
    ATIMER_IRQHandler                        0x140000fb   Thumb Code     0  startup_lpc43xx_m4.o(.text)
    CAN0_IRQHandler                          0x140000fb   Thumb Code     0  startup_lpc43xx_m4.o(.text)
    CAN1_IRQHandler                          0x140000fb   Thumb Code     0  startup_lpc43xx_m4.o(.text)
    DAC_IRQHandler                           0x140000fb   Thumb Code     0  startup_lpc43xx_m4.o(.text)
    DMA_IRQHandler                           0x140000fb   Thumb Code     0  startup_lpc43xx_m4.o(.text)
    ETH_IRQHandler                           0x140000fb   Thumb Code     0  startup_lpc43xx_m4.o(.text)
    EVRT_IRQHandler                          0x140000fb   Thumb Code     0  startup_lpc43xx_m4.o(.text)
    EZH_IRQHandler                           0x140000fb   Thumb Code     0  startup_lpc43xx_m4.o(.text)
    FLASH_EEPROM_IRQHandler                  0x140000fb   Thumb Code     0  startup_lpc43xx_m4.o(.text)
    GINT0_IRQHandler                         0x140000fb   Thumb Code     0  startup_lpc43xx_m4.o(.text)
    GINT1_IRQHandler                         0x140000fb   Thumb Code     0  startup_lpc43xx_m4.o(.text)
    GPIO0_IRQHandler                         0x140000fb   Thumb Code     0  startup_lpc43xx_m4.o(.text)
    GPIO1_IRQHandler                         0x140000fb   Thumb Code     0  startup_lpc43xx_m4.o(.text)
    GPIO2_IRQHandler                         0x140000fb   Thumb Code     0  startup_lpc43xx_m4.o(.text)
    GPIO3_IRQHandler                         0x140000fb   Thumb Code     0  startup_lpc43xx_m4.o(.text)
    GPIO4_IRQHandler                         0x140000fb   Thumb Code     0  startup_lpc43xx_m4.o(.text)
    GPIO5_IRQHandler                         0x140000fb   Thumb Code     0  startup_lpc43xx_m4.o(.text)
    GPIO6_IRQHandler                         0x140000fb   Thumb Code     0  startup_lpc43xx_m4.o(.text)
    GPIO7_IRQHandler                         0x140000fb   Thumb Code     0  startup_lpc43xx_m4.o(.text)
    I2C1_IRQHandler                          0x140000fb   Thumb Code     0  startup_lpc43xx_m4.o(.text)
    I2S0_IRQHandler                          0x140000fb   Thumb Code     0  startup_lpc43xx_m4.o(.text)
    I2S1_IRQHandler                          0x140000fb   Thumb Code     0  startup_lpc43xx_m4.o(.text)
    LCD_IRQHandler                           0x140000fb   Thumb Code     0  startup_lpc43xx_m4.o(.text)
    M0s_IRQHandler                           0x140000fb   Thumb Code     0  startup_lpc43xx_m4.o(.text)
    MCPWM_IRQHandler                         0x140000fb   Thumb Code     0  startup_lpc43xx_m4.o(.text)
    QEI_IRQHandler                           0x140000fb   Thumb Code     0  startup_lpc43xx_m4.o(.text)
    RIT_IRQHandler                           0x140000fb   Thumb Code     0  startup_lpc43xx_m4.o(.text)
    RTC_IRQHandler                           0x140000fb   Thumb Code     0  startup_lpc43xx_m4.o(.text)
    SCT_IRQHandler                           0x140000fb   Thumb Code     0  startup_lpc43xx_m4.o(.text)
    SDIO_IRQHandler                          0x140000fb   Thumb Code     0  startup_lpc43xx_m4.o(.text)
    SGPIO_IRQHandler                         0x140000fb   Thumb Code     0  startup_lpc43xx_m4.o(.text)
    SPIFI_IRQHandler                         0x140000fb   Thumb Code     0  startup_lpc43xx_m4.o(.text)
    SPI_IRQHandler                           0x140000fb   Thumb Code     0  startup_lpc43xx_m4.o(.text)
    SSP0_IRQHandler                          0x140000fb   Thumb Code     0  startup_lpc43xx_m4.o(.text)
    TIMER0_IRQHandler                        0x140000fb   Thumb Code     0  startup_lpc43xx_m4.o(.text)
    TIMER1_IRQHandler                        0x140000fb   Thumb Code     0  startup_lpc43xx_m4.o(.text)
    TIMER2_IRQHandler                        0x140000fb   Thumb Code     0  startup_lpc43xx_m4.o(.text)
    TIMER3_IRQHandler                        0x140000fb   Thumb Code     0  startup_lpc43xx_m4.o(.text)
    UART1_IRQHandler                         0x140000fb   Thumb Code     0  startup_lpc43xx_m4.o(.text)
    UART2_IRQHandler                         0x140000fb   Thumb Code     0  startup_lpc43xx_m4.o(.text)
    UART3_IRQHandler                         0x140000fb   Thumb Code     0  startup_lpc43xx_m4.o(.text)
    USB1_IRQHandler                          0x140000fb   Thumb Code     0  startup_lpc43xx_m4.o(.text)
    VADC_IRQHandler                          0x140000fb   Thumb Code     0  startup_lpc43xx_m4.o(.text)
    WDT_IRQHandler                           0x140000fb   Thumb Code     0  startup_lpc43xx_m4.o(.text)
    __user_initial_stackheap                 0x140000fd   Thumb Code     0  startup_lpc43xx_m4.o(.text)
    getPC                                    0x14000121   Thumb Code     4  startup_lpc43xx_m4.o(.text)
    Long Thumb to Thumb Veneer to __rt_entry 0x14000125   Thumb Code    10  anon$$obj.o(Veneer$$Code)
    Region$$Table$$Base                      0x14000130   Number         0  anon$$obj.o(Region$$Table)
    Region$$Table$$Limit                     0x14000160   Number         0  anon$$obj.o(Region$$Table)
    g_qqueue                                 0x20000000   Data           4  conncomp.o(.data)
    g_blobs                                  0x20000004   Data           4  conncomp.o(.data)
    g_loop                                   0x20000008   Data           4  conncomp.o(.data)
    g_running                                0x20000010   Data           1  exec.o(.data)
    g_run                                    0x20000011   Data           1  exec.o(.data)
    g_program                                0x20000012   Data           1  exec.o(.data)
    g_override                               0x20000013   Data           1  exec.o(.data)
    g_execArg                                0x20000014   Data           4  exec.o(.data)
    g_bMachine                               0x20000020   Data           4  exec.o(.data)
    g_progBlobs                              0x20000024   Data          16  progblobs.o(.data)
    g_progVideo                              0x2000003c   Data          16  progvideo.o(.data)
    g_progPt                                 0x20000050   Data          16  progpt.o(.data)
    SMoments::computeAxes                    0x20000060   Data           1  blob.o(.data)
    CBlob::leakcheck                         0x20000064   Data           4  blob.o(.data)
    CBlob::recordSegments                    0x20000068   Data           1  blob.o(.data)
    CBlob::testMoments                       0x20000069   Data           1  blob.o(.data)
    g_i2c0                                   0x20000070   Data           4  i2c.o(.data)
    g_ad                                     0x2000007c   Data           4  analogdig.o(.data)
    g_spi                                    0x20000080   Data           4  spi.o(.data)
    g_uart0                                  0x20000084   Data           4  uart.o(.data)
    CGU_ClockSourceFrequency                 0x20000088   Data          68  lpc43xx_cgu.o(.data)
    USB_DeviceStatus                         0x200000cc   Data           2  usbcore.o(.data)
    USB_DeviceAddress                        0x200000ce   Data           1  usbcore.o(.data)
    USB_Configuration                        0x200000cf   Data           1  usbcore.o(.data)
    USB_EndPointMask                         0x200000d0   Data           4  usbcore.o(.data)
    USB_EndPointHalt                         0x200000d4   Data           4  usbcore.o(.data)
    USB_EndPointStall                        0x200000d8   Data           4  usbcore.o(.data)
    USB_NumInterfaces                        0x200000dc   Data           1  usbcore.o(.data)
    USB_AltSetting                           0x200000dd   Data           1  usbcore.o(.data)
    EP0Data                                  0x200000e0   Data           8  usbcore.o(.data)
    SetupPacket                              0x200000e8   Data           8  usbcore.o(.data)
    g_chirpUsb                               0x200000f0   Data           4  pixy_init.o(.data)
    g_chirpM0                                0x200000f4   Data           4  pixy_init.o(.data)
    g_sccb                                   0x20000100   Data           4  camera.o(.data)
    g_rawFrame                               0x20000104   Data           8  camera.o(.data)
    _db_msg                                  0x20000140   Data           4  debug_frmwrk.o(.data)
    _db_msg_                                 0x20000144   Data           4  debug_frmwrk.o(.data)
    _db_char                                 0x20000148   Data           4  debug_frmwrk.o(.data)
    _db_dec                                  0x2000014c   Data           4  debug_frmwrk.o(.data)
    _db_dec_16                               0x20000150   Data           4  debug_frmwrk.o(.data)
    _db_dec_32                               0x20000154   Data           4  debug_frmwrk.o(.data)
    _db_hex                                  0x20000158   Data           4  debug_frmwrk.o(.data)
    _db_hex_16                               0x2000015c   Data           4  debug_frmwrk.o(.data)
    _db_hex_32                               0x20000160   Data           4  debug_frmwrk.o(.data)
    _db_get_char                             0x20000164   Data           4  debug_frmwrk.o(.data)
    DevStatusFS2HS                           0x20000168   Data           4  usbhw.o(.data)
    g_recvData                               0x2000016c   Data           4  usbuser.o(.data)
    g_recvLen                                0x20000170   Data           4  usbuser.o(.data)
    g_recvOffset                             0x20000174   Data           4  usbuser.o(.data)
    g_recvComplete                           0x20000178   Data           1  usbuser.o(.data)
    g_recvTimerStart                         0x2000017c   Data           4  usbuser.o(.data)
    g_sendData                               0x20000180   Data           4  usbuser.o(.data)
    g_sendLen                                0x20000184   Data           4  usbuser.o(.data)
    g_sendOffset                             0x20000188   Data           4  usbuser.o(.data)
    g_sendComplete                           0x2000018c   Data           1  usbuser.o(.data)
    g_sendTimerStart                         0x20000190   Data           4  usbuser.o(.data)
    g_bufUsed                                0x20000198   Data           4  usblink.o(.data)
    mbxFlags                                 0x2000019c   Data           4  ipc_mbx.o(.data)
    mbxLocalTablePtr                         0x200001a0   Data           4  ipc_mbx.o(.data)
    mbxRemoteTablePtr                        0x200001a4   Data           4  ipc_mbx.o(.data)
    EP0Buf                                   0x20000220   Data          64  usbcore.o(.bss)
    g_spifi                                  0x2000026c   Data         128  platform_config.o(.bss)
    ep_QH                                    0x20000800   Data         512  usbhw.o(.bss)
    ep_TD                                    0x20000a00   Data         256  usbhw.o(.bss)
    g_drv                                    0x20000b10   Data          60  usbhw.o(.bss)
    g_buf                                    0x20000b4c   Data          64  usblink.o(.bss)
    __libspace_start                         0x20000b8c   Data          96  libspace.o(.bss)
    __temporary_stack_top$libspace           0x20000bec   Data           0  libspace.o(.bss)



==============================================================================

Memory Map of the image

  Image Entry point : 0x14000009

  Load Region LOAD_SPIFI (Base: 0x14000000, Size: 0x00013d90, Max: 0x00100000, ABSOLUTE, COMPRESSED[0x00013c34])

    Execution Region RW_IRAM0 (Base: 0x10000000, Size: 0x00013a88, Max: 0x00020000, ABSOLUTE)

    Base Addr    Size         Type   Attr      Idx    E Section Name        Object

    0x10000000   0x00000114   Data   RO         3524    VECTORS             libpixy_m4.lib(startup_lpc43xx_m4.o)
    0x10000114   0x00000000   Code   RO         3821    .ARM.Collect$$_printf_percent$$00000000  c_w.l(_printf_percent.o)
    0x10000114   0x00000006   Code   RO         4196    .ARM.Collect$$_printf_percent$$00000001  c_w.l(_printf_n.o)
    0x1000011a   0x00000006   Code   RO         4198    .ARM.Collect$$_printf_percent$$00000002  c_w.l(_printf_p.o)
    0x10000120   0x00000006   Code   RO         4202    .ARM.Collect$$_printf_percent$$00000003  c_w.l(_printf_f.o)
    0x10000126   0x00000006   Code   RO         4203    .ARM.Collect$$_printf_percent$$00000004  c_w.l(_printf_e.o)
    0x1000012c   0x00000006   Code   RO         4204    .ARM.Collect$$_printf_percent$$00000005  c_w.l(_printf_g.o)
    0x10000132   0x00000006   Code   RO         4205    .ARM.Collect$$_printf_percent$$00000006  c_w.l(_printf_a.o)
    0x10000138   0x0000000a   Code   RO         4210    .ARM.Collect$$_printf_percent$$00000007  c_w.l(_printf_ll.o)
    0x10000142   0x00000006   Code   RO         4200    .ARM.Collect$$_printf_percent$$00000008  c_w.l(_printf_i.o)
    0x10000148   0x00000006   Code   RO         3820    .ARM.Collect$$_printf_percent$$00000009  c_w.l(_printf_d.o)
    0x1000014e   0x00000006   Code   RO         4201    .ARM.Collect$$_printf_percent$$0000000A  c_w.l(_printf_u.o)
    0x10000154   0x00000006   Code   RO         4199    .ARM.Collect$$_printf_percent$$0000000B  c_w.l(_printf_o.o)
    0x1000015a   0x00000006   Code   RO         4197    .ARM.Collect$$_printf_percent$$0000000C  c_w.l(_printf_x.o)
    0x10000160   0x00000006   Code   RO         4207    .ARM.Collect$$_printf_percent$$0000000D  c_w.l(_printf_lli.o)
    0x10000166   0x00000006   Code   RO         4208    .ARM.Collect$$_printf_percent$$0000000E  c_w.l(_printf_lld.o)
    0x1000016c   0x00000006   Code   RO         4209    .ARM.Collect$$_printf_percent$$0000000F  c_w.l(_printf_llu.o)
    0x10000172   0x00000006   Code   RO         4214    .ARM.Collect$$_printf_percent$$00000010  c_w.l(_printf_llo.o)
    0x10000178   0x00000006   Code   RO         4215    .ARM.Collect$$_printf_percent$$00000011  c_w.l(_printf_llx.o)
    0x1000017e   0x0000000a   Code   RO         4211    .ARM.Collect$$_printf_percent$$00000012  c_w.l(_printf_l.o)
    0x10000188   0x00000006   Code   RO         4194    .ARM.Collect$$_printf_percent$$00000013  c_w.l(_printf_c.o)
    0x1000018e   0x00000006   Code   RO         4195    .ARM.Collect$$_printf_percent$$00000014  c_w.l(_printf_s.o)
    0x10000194   0x00000006   Code   RO         4212    .ARM.Collect$$_printf_percent$$00000015  c_w.l(_printf_lc.o)
    0x1000019a   0x00000006   Code   RO         4213    .ARM.Collect$$_printf_percent$$00000016  c_w.l(_printf_ls.o)
    0x100001a0   0x00000004   Code   RO         4206    .ARM.Collect$$_printf_percent$$00000017  c_w.l(_printf_percent_end.o)
    0x100001a4   0x00000002   Code   RO         4479    .ARM.Collect$$libinit$$00000000  c_w.l(libinit.o)
    0x100001a6   0x00000004   Code   RO         4226    .ARM.Collect$$libinit$$00000001  c_w.l(libinit2.o)
    0x100001aa   0x00000008   Code   RO         4228    .ARM.Collect$$libinit$$00000003  c_w.l(libinit2.o)
    0x100001b2   0x00000000   Code   RO         4230    .ARM.Collect$$libinit$$00000008  c_w.l(libinit2.o)
    0x100001b2   0x00000000   Code   RO         4232    .ARM.Collect$$libinit$$0000000A  c_w.l(libinit2.o)
    0x100001b2   0x00000000   Code   RO         4234    .ARM.Collect$$libinit$$0000000C  c_w.l(libinit2.o)
    0x100001b2   0x00000006   Code   RO         4235    .ARM.Collect$$libinit$$0000000D  c_w.l(libinit2.o)
    0x100001b8   0x00000000   Code   RO         4237    .ARM.Collect$$libinit$$0000000F  c_w.l(libinit2.o)
    0x100001b8   0x0000000c   Code   RO         4238    .ARM.Collect$$libinit$$00000010  c_w.l(libinit2.o)
    0x100001c4   0x00000000   Code   RO         4239    .ARM.Collect$$libinit$$00000011  c_w.l(libinit2.o)
    0x100001c4   0x00000000   Code   RO         4241    .ARM.Collect$$libinit$$00000013  c_w.l(libinit2.o)
    0x100001c4   0x0000000a   Code   RO         4242    .ARM.Collect$$libinit$$00000014  c_w.l(libinit2.o)
    0x100001ce   0x00000000   Code   RO         4243    .ARM.Collect$$libinit$$00000015  c_w.l(libinit2.o)
    0x100001ce   0x00000000   Code   RO         4245    .ARM.Collect$$libinit$$00000017  c_w.l(libinit2.o)
    0x100001ce   0x00000000   Code   RO         4247    .ARM.Collect$$libinit$$00000019  c_w.l(libinit2.o)
    0x100001ce   0x00000000   Code   RO         4249    .ARM.Collect$$libinit$$0000001B  c_w.l(libinit2.o)
    0x100001ce   0x00000000   Code   RO         4251    .ARM.Collect$$libinit$$0000001D  c_w.l(libinit2.o)
    0x100001ce   0x00000000   Code   RO         4253    .ARM.Collect$$libinit$$0000001F  c_w.l(libinit2.o)
    0x100001ce   0x00000000   Code   RO         4255    .ARM.Collect$$libinit$$00000021  c_w.l(libinit2.o)
    0x100001ce   0x00000000   Code   RO         4257    .ARM.Collect$$libinit$$00000023  c_w.l(libinit2.o)
    0x100001ce   0x00000000   Code   RO         4261    .ARM.Collect$$libinit$$0000002A  c_w.l(libinit2.o)
    0x100001ce   0x00000000   Code   RO         4263    .ARM.Collect$$libinit$$0000002C  c_w.l(libinit2.o)
    0x100001ce   0x00000000   Code   RO         4265    .ARM.Collect$$libinit$$0000002E  c_w.l(libinit2.o)
    0x100001ce   0x00000004   Code   RO         4266    .ARM.Collect$$libinit$$0000002F  c_w.l(libinit2.o)
    0x100001d2   0x00000000   Code   RO         4267    .ARM.Collect$$libinit$$00000030  c_w.l(libinit2.o)
    0x100001d2   0x00000002   Code   RO         4268    .ARM.Collect$$libinit$$00000031  c_w.l(libinit2.o)
    0x100001d4   0x00000002   Code   RO         4539    .ARM.Collect$$libshutdown$$00000000  c_w.l(libshutdown.o)
    0x100001d6   0x00000000   Code   RO         4514    .ARM.Collect$$libshutdown$$00000003  c_w.l(libshutdown2.o)
    0x100001d6   0x00000000   Code   RO         4517    .ARM.Collect$$libshutdown$$00000006  c_w.l(libshutdown2.o)
    0x100001d6   0x00000000   Code   RO         4520    .ARM.Collect$$libshutdown$$00000009  c_w.l(libshutdown2.o)
    0x100001d6   0x00000000   Code   RO         4522    .ARM.Collect$$libshutdown$$0000000B  c_w.l(libshutdown2.o)
    0x100001d6   0x00000000   Code   RO         4525    .ARM.Collect$$libshutdown$$0000000E  c_w.l(libshutdown2.o)
    0x100001d6   0x00000002   Code   RO         4526    .ARM.Collect$$libshutdown$$0000000F  c_w.l(libshutdown2.o)
    0x100001d8   0x00000000   Code   RO         4111    .ARM.Collect$$rtentry$$00000000  c_w.l(rtentry.o)
    0x100001d8   0x00000000   Code   RO         4332    .ARM.Collect$$rtentry$$00000002  c_w.l(rtentry2.o)
    0x100001d8   0x00000006   Code   RO         4344    .ARM.Collect$$rtentry$$00000004  c_w.l(rtentry4.o)
    0x100001de   0x00000000   Code   RO         4334    .ARM.Collect$$rtentry$$00000009  c_w.l(rtentry2.o)
    0x100001de   0x00000004   Code   RO         4335    .ARM.Collect$$rtentry$$0000000A  c_w.l(rtentry2.o)
    0x100001e2   0x00000000   Code   RO         4337    .ARM.Collect$$rtentry$$0000000C  c_w.l(rtentry2.o)
    0x100001e2   0x00000008   Code   RO         4338    .ARM.Collect$$rtentry$$0000000D  c_w.l(rtentry2.o)
    0x100001ea   0x00000002   Code   RO         4494    .ARM.Collect$$rtexit$$00000000  c_w.l(rtexit.o)
    0x100001ec   0x00000000   Code   RO         4531    .ARM.Collect$$rtexit$$00000002  c_w.l(rtexit2.o)
    0x100001ec   0x00000004   Code   RO         4532    .ARM.Collect$$rtexit$$00000003  c_w.l(rtexit2.o)
    0x100001f0   0x00000006   Code   RO         4533    .ARM.Collect$$rtexit$$00000004  c_w.l(rtexit2.o)
    0x100001f6   0x00000002   PAD
    0x100001f8   0x00000000   Code   RO         4357    .emb_text           c_w.l(maybetermalloc1.o)
    0x100001f8   0x0000009c   Code   RO            2    .text               main_m4.o
    0x10000294   0x000007c8   Code   RO          202    .text               conncomp.o
    0x10000a5c   0x000003b4   Code   RO          271    .text               exec.o
    0x10000e10   0x00000150   Code   RO          307    .text               progblobs.o
    0x10000f60   0x00000150   Code   RO          348    .text               progvideo.o
    0x100010b0   0x00000330   Code   RO          375    .text               progpt.o
    0x100013e0   0x000005d0   Code   RO          420    .text               button.o
    0x100019b0   0x00000588   Code   RO          462    .text               blob.o
    0x10001f38   0x00000a80   Code   RO          507    .text               blobs.o
    0x100029b8   0x00000b88   Code   RO          548    .text               colorlut.o
    0x10003540   0x00000110   Code   RO          650    .text               qqueue.o
    0x10003650   0x0000097c   Code   RO          669    .text               lpc43xx_i2c.o
    0x10003fcc   0x00000244   Code   RO          727    .text               i2c.o
    0x10004210   0x000001ac   Code   RO          809    .text               serial.o
    0x100043bc   0x0000010c   Code   RO          847    .text               analogdig.o
    0x100044c8   0x000003d0   Code   RO          881    .text               spi.o
    0x10004898   0x00000280   Code   RO          932    .text               uart.o
    0x10004b18   0x000012f0   Code   RO         3690    .text               libpixy_m4.lib(spifi_rom_api.o)
    0x10005e08   0x000000a0   Code   RO         3693    .text               libpixy_m4.lib(amic.o)
    0x10005ea8   0x00000114   Code   RO         3695    .text               libpixy_m4.lib(atmel.o)
    0x10005fbc   0x000000dc   Code   RO         3698    .text               libpixy_m4.lib(chi.o)
    0x10006098   0x000000b8   Code   RO         3700    .text               libpixy_m4.lib(eon.o)
    0x10006150   0x000000bc   Code   RO         3702    .text               libpixy_m4.lib(esmt.o)
    0x1000620c   0x000000b0   Code   RO         3704    .text               libpixy_m4.lib(giga.o)
    0x100062bc   0x00000194   Code   RO         3706    .text               libpixy_m4.lib(macronix.o)
    0x10006450   0x00000178   Code   RO         3709    .text               libpixy_m4.lib(numonyx.o)
    0x100065c8   0x000000ec   Code   RO         3711    .text               libpixy_m4.lib(spansion.o)
    0x100066b4   0x000000b8   Code   RO         3713    .text               libpixy_m4.lib(sst.o)
    0x1000676c   0x000000fc   Code   RO         3716    .text               libpixy_m4.lib(winbond.o)
    0x10006868   0x00000160   Code   RO         3720    .text               libpixy_m4.lib(falcon_details.o)
    0x100069c8   0x0000005e   Code   RO         3730    .text               c_w.l(h1_alloc.o)
    0x10006a26   0x0000004e   Code   RO         3732    .text               c_w.l(h1_free.o)
    0x10006a74   0x000000ee   Code   RO         3788    .text               c_w.l(lludivv7m.o)
    0x10006b62   0x00000002   PAD
    0x10006b64   0x00000024   Code   RO         3790    .text               c_w.l(c89vsprintf.o)
    0x10006b88   0x0000002c   Code   RO         3792    .text               c_w.l(__2sprintf.o)
    0x10006bb4   0x00000074   Code   RO         3798    .text               c_w.l(_printf_dec.o)
    0x10006c28   0x00000188   Code   RO         3817    .text               c_w.l(__printf_flags_ss_wp.o)
    0x10006db0   0x0000007c   Code   RO         3822    .text               c_w.l(assert.o)
    0x10006e2c   0x00000048   Code   RO         3824    .text               c_w.l(strcpy.o)
    0x10006e74   0x0000003e   Code   RO         3826    .text               c_w.l(strlen.o)
    0x10006eb2   0x0000008a   Code   RO         3828    .text               c_w.l(rt_memcpy_v6.o)
    0x10006f3c   0x00000064   Code   RO         3830    .text               c_w.l(rt_memcpy_w.o)
    0x10006fa0   0x0000004e   Code   RO         3832    .text               c_w.l(rt_memclr_w.o)
    0x10006fee   0x00000002   PAD
    0x10006ff0   0x00000080   Code   RO         3834    .text               c_w.l(strcmpv7m.o)
    0x10007070   0x00000006   Code   RO         3836    .text               c_w.l(heapauxi.o)
    0x10007076   0x00000002   PAD
    0x10007078   0x00000024   Code   RO         3843    .text               c_w.l(init_aeabi.o)
    0x1000709c   0x00000022   Code   RO         3869    .text               cpprt_w.l(aeabi_vec_dtor_noexceptions.o)
    0x100070be   0x00000002   PAD
    0x100070c0   0x00000008   Code   RO         4119    .text               c_w.l(rt_heap_descriptor_intlibspace.o)
    0x100070c8   0x00000008   Code   RO         4124    .text               c_w.l(rt_new_handler_addr_intlibspace.o)
    0x100070d0   0x00000004   Code   RO         4126    .text               c_w.l(hguard.o)
    0x100070d4   0x0000008a   Code   RO         4128    .text               c_w.l(init_alloc.o)
    0x1000715e   0x0000000e   Code   RO         4132    .text               c_w.l(h1_init.o)
    0x1000716c   0x00000016   Code   RO         4146    .text               c_w.l(_rserrno.o)
    0x10007182   0x0000004e   Code   RO         4148    .text               c_w.l(_printf_pad.o)
    0x100071d0   0x00000024   Code   RO         4150    .text               c_w.l(_printf_truncate.o)
    0x100071f4   0x00000052   Code   RO         4152    .text               c_w.l(_printf_str.o)
    0x10007246   0x000000b2   Code   RO         4154    .text               c_w.l(_printf_intcommon.o)
    0x100072f8   0x00000028   Code   RO         4156    .text               c_w.l(_printf_charcount.o)
    0x10007320   0x00000030   Code   RO         4158    .text               c_w.l(_printf_char_common.o)
    0x10007350   0x0000000a   Code   RO         4160    .text               c_w.l(_sputc.o)
    0x1000735a   0x00000002   PAD
    0x1000735c   0x000000bc   Code   RO         4162    .text               c_w.l(_printf_wctomb.o)
    0x10007418   0x00000078   Code   RO         4165    .text               c_w.l(_printf_longlong_dec.o)
    0x10007490   0x00000070   Code   RO         4171    .text               c_w.l(_printf_oct_int_ll.o)
    0x10007500   0x00000094   Code   RO         4191    .text               c_w.l(_printf_hex_int_ll_ptr.o)
    0x10007594   0x00000010   Code   RO         4216    .text               c_w.l(abort.o)
    0x100075a4   0x00000008   Code   RO         4220    .text               c_w.l(defsig_pvfn_formal.o)
    0x100075ac   0x00000014   Code   RO         4222    .text               c_w.l(assert_puts.o)
    0x100075c0   0x00000004   Code   RO         4274    .text               cpprt_w.l(arm_newhandler_noexceptions.o)
    0x100075c4   0x0000000e   Code   RO         4322    .text               c_w.l(sys_wrch.o)
    0x100075d2   0x00000002   PAD
    0x100075d4   0x0000000c   Code   RO         4326    .text               c_w.l(sys_exit.o)
    0x100075e0   0x00000008   Code   RO         4328    .text               c_w.l(libspace.o)
    0x100075e8   0x00000014   Code   RO         4348    .text               c_w.l(rt_raise.o)
    0x100075fc   0x00000008   Code   RO         4353    .text               c_w.l(rt_errno_addr_intlibspace.o)
    0x10007604   0x00000034   Code   RO         4359    .text               c_w.l(h1_extend.o)
    0x10007638   0x0000008a   Code   RO         4363    .text               c_w.l(lludiv10.o)
    0x100076c2   0x00000416   Code   RO         4365    .text               c_w.l(_printf_fp_dec.o)
    0x10007ad8   0x0000002c   Code   RO         4369    .text               c_w.l(_printf_char.o)
    0x10007b04   0x0000002c   Code   RO         4371    .text               c_w.l(_printf_wchar.o)
    0x10007b30   0x00000040   Code   RO         4373    .text               c_w.l(_wcrtomb.o)
    0x10007b70   0x00000008   Code   RO         4379    .text               c_w.l(defsig_abrt_formal.o)
    0x10007b78   0x00000008   Code   RO         4383    .text               c_w.l(defsig_rtmem_formal.o)
    0x10007b80   0x0000001a   Code   RO         4394    .text               cpprt_w.l(arm_exceptions_terminate.o)
    0x10007b9a   0x00000002   Code   RO         4412    .text               c_w.l(use_no_semi.o)
    0x10007b9c   0x00000000   Code   RO         4414    .text               c_w.l(indicate_semi.o)
    0x10007b9c   0x0000004a   Code   RO         4415    .text               c_w.l(sys_stackheap_outer.o)
    0x10007be6   0x00000002   PAD
    0x10007be8   0x00000010   Code   RO         4417    .text               c_w.l(rt_ctype_table.o)
    0x10007bf8   0x00000008   Code   RO         4422    .text               c_w.l(rt_locale_intlibspace.o)
    0x10007c00   0x00000080   Code   RO         4426    .text               c_w.l(_printf_fp_infnan.o)
    0x10007c80   0x000000d8   Code   RO         4428    .text               c_w.l(bigflt0.o)
    0x10007d58   0x0000000c   Code   RO         4456    .text               c_w.l(exit.o)
    0x10007d64   0x00000030   Code   RO         4458    .text               c_w.l(__raise.o)
    0x10007d94   0x00000050   Code   RO         4486    .text               cpprt_w.l(arm_exceptions_globs.o)
    0x10007de4   0x00000008   Code   RO         4499    .text               c_w.l(rt_eh_globals_addr_intlibspace.o)
    0x10007dec   0x0000003c   Code   RO         4527    .text               cpprt_w.l(arm_exceptions_mem.o)
    0x10007e28   0x0000003e   Code   RO         4431    CL$$btod_d2e        c_w.l(btod.o)
    0x10007e66   0x00000046   Code   RO         4433    CL$$btod_d2e_denorm_low  c_w.l(btod.o)
    0x10007eac   0x00000060   Code   RO         4432    CL$$btod_d2e_norm_op1  c_w.l(btod.o)
    0x10007f0c   0x00000338   Code   RO         4441    CL$$btod_div_common  c_w.l(btod.o)
    0x10008244   0x000000c6   Code   RO         4438    CL$$btod_e2e        c_w.l(btod.o)
    0x1000830a   0x00000028   Code   RO         4435    CL$$btod_ediv       c_w.l(btod.o)
    0x10008332   0x00000028   Code   RO         4434    CL$$btod_emul       c_w.l(btod.o)
    0x1000835a   0x00000244   Code   RO         4440    CL$$btod_mult_common  c_w.l(btod.o)
    0x1000859e   0x0000000a   Ven    RO         4551    Veneer$$Code        anon$$obj.o
    0x100085a8   0x0000000a   Ven    RO         4552    Veneer$$Code        anon$$obj.o
    0x100085b2   0x0000001e   Code   RO         2726    i.ADC_ChannelCmd    libpixy_m4.lib(lpc43xx_adc.o)
    0x100085d0   0x00000010   Code   RO         2727    i.ADC_ChannelGetData  libpixy_m4.lib(lpc43xx_adc.o)
    0x100085e0   0x00000024   Code   RO         2728    i.ADC_ChannelGetStatus  libpixy_m4.lib(lpc43xx_adc.o)
    0x10008604   0x00000060   Code   RO         2733    i.ADC_Init          libpixy_m4.lib(lpc43xx_adc.o)
    0x10008664   0x0000001a   Code   RO         2734    i.ADC_IntConfig     libpixy_m4.lib(lpc43xx_adc.o)
    0x1000867e   0x00000012   Code   RO         2736    i.ADC_StartCmd      libpixy_m4.lib(lpc43xx_adc.o)
    0x10008690   0x00000114   Code   RO          966    i.CGU_EnableEntity  libpixy_m4.lib(lpc43xx_cgu.o)
    0x100087a4   0x00000080   Code   RO          967    i.CGU_EntityConnect  libpixy_m4.lib(lpc43xx_cgu.o)
    0x10008824   0x000000f8   Code   RO          970    i.CGU_GetPCLKFrequency  libpixy_m4.lib(lpc43xx_cgu.o)
    0x1000891c   0x00000040   Code   RO          973    i.CGU_SetDIV        libpixy_m4.lib(lpc43xx_cgu.o)
    0x1000895c   0x0000002c   Code   RO          974    i.CGU_SetPLL0       libpixy_m4.lib(lpc43xx_cgu.o)
    0x10008988   0x000000b4   Code   RO          975    i.CGU_SetPLL1       libpixy_m4.lib(lpc43xx_cgu.o)
    0x10008a3c   0x00000048   Code   RO          976    i.CGU_SetXTALOSC    libpixy_m4.lib(lpc43xx_cgu.o)
    0x10008a84   0x000000c4   Code   RO          977    i.CGU_UpdateClock   libpixy_m4.lib(lpc43xx_cgu.o)
    0x10008b48   0x00000010   Code   RO         2875    i.EPAdr             libpixy_m4.lib(usbhw.o)
    0x10008b58   0x0000002c   Code   RO         3355    i.IPC_downloadSlaveImage  libpixy_m4.lib(ipc_mbx.o)
    0x10008b84   0x00000038   Code   RO         3360    i.IPC_haltSlave     libpixy_m4.lib(ipc_mbx.o)
    0x10008bbc   0x00000014   Code   RO         3363    i.IPC_queryLocalMbx  libpixy_m4.lib(ipc_mbx.o)
    0x10008bd0   0x00000038   Code   RO         3367    i.IPC_startSlave    libpixy_m4.lib(ipc_mbx.o)
    0x10008c08   0x00000034   Code   RO         3368    i.M0CORE_IRQHandler  libpixy_m4.lib(ipc_mbx.o)
    0x10008c3c   0x00000004   Code   RO         2052    i.SSP_ClearIntPending  libpixy_m4.lib(lpc43xx_ssp.o)
    0x10008c40   0x00000018   Code   RO         2053    i.SSP_Cmd           libpixy_m4.lib(lpc43xx_ssp.o)
    0x10008c58   0x000000d0   Code   RO         2061    i.SSP_Init          libpixy_m4.lib(lpc43xx_ssp.o)
    0x10008d28   0x0000001a   Code   RO         2062    i.SSP_IntConfig     libpixy_m4.lib(lpc43xx_ssp.o)
    0x10008d42   0x00000002   PAD
    0x10008d44   0x00000014   Code   RO         3675    i.SystemInit        libpixy_m4.lib(system_lpc43xx.o)
    0x10008d58   0x0000001a   Code   RO         2630    i.UARTGetChar       libpixy_m4.lib(debug_frmwrk.o)
    0x10008d72   0x00000012   Code   RO         2631    i.UARTPutChar       libpixy_m4.lib(debug_frmwrk.o)
    0x10008d84   0x00000060   Code   RO         2632    i.UARTPutDec        libpixy_m4.lib(debug_frmwrk.o)
    0x10008de4   0x000000a0   Code   RO         2633    i.UARTPutDec16      libpixy_m4.lib(debug_frmwrk.o)
    0x10008e84   0x0000012c   Code   RO         2634    i.UARTPutDec32      libpixy_m4.lib(debug_frmwrk.o)
    0x10008fb0   0x00000048   Code   RO         2635    i.UARTPutHex        libpixy_m4.lib(debug_frmwrk.o)
    0x10008ff8   0x00000048   Code   RO         2636    i.UARTPutHex16      libpixy_m4.lib(debug_frmwrk.o)
    0x10009040   0x00000048   Code   RO         2637    i.UARTPutHex32      libpixy_m4.lib(debug_frmwrk.o)
    0x10009088   0x0000001c   Code   RO         2638    i.UARTPuts          libpixy_m4.lib(debug_frmwrk.o)
    0x100090a4   0x0000001c   Code   RO         2639    i.UARTPuts_         libpixy_m4.lib(debug_frmwrk.o)
    0x100090c0   0x00000014   Code   RO         1101    i.UART_ConfigStructInit  libpixy_m4.lib(lpc43xx_uart.o)
    0x100090d4   0x0000006c   Code   RO         1103    i.UART_FIFOConfig   libpixy_m4.lib(lpc43xx_uart.o)
    0x10009140   0x00000160   Code   RO         1110    i.UART_Init         libpixy_m4.lib(lpc43xx_uart.o)
    0x100092a0   0x00000078   Code   RO         1111    i.UART_IntConfig    libpixy_m4.lib(lpc43xx_uart.o)
    0x10009318   0x00000072   Code   RO         1117    i.UART_Receive      libpixy_m4.lib(lpc43xx_uart.o)
    0x1000938a   0x00000002   PAD
    0x1000938c   0x00000018   Code   RO         1118    i.UART_ReceiveByte  libpixy_m4.lib(lpc43xx_uart.o)
    0x100093a4   0x00000094   Code   RO         1119    i.UART_Send         libpixy_m4.lib(lpc43xx_uart.o)
    0x10009438   0x00000018   Code   RO         1120    i.UART_SendByte     libpixy_m4.lib(lpc43xx_uart.o)
    0x10009450   0x00000038   Code   RO         1121    i.UART_TxCmd        libpixy_m4.lib(lpc43xx_uart.o)
    0x10009488   0x000001d8   Code   RO         1122    i.UART_setBaudRate  libpixy_m4.lib(lpc43xx_uart.o)
    0x10009660   0x000001c4   Code   RO         2876    i.USB0_IRQHandler   libpixy_m4.lib(usbhw.o)
    0x10009824   0x00000050   Code   RO         2877    i.USB_ClrStallEP    libpixy_m4.lib(usbhw.o)
    0x10009874   0x00000094   Code   RO         2878    i.USB_ConfigEP      libpixy_m4.lib(usbhw.o)
    0x10009908   0x00000002   Code   RO         2879    i.USB_Configure     libpixy_m4.lib(usbhw.o)
    0x1000990a   0x00000002   Code   RO         3047    i.USB_Configure_Event  libpixy_m4.lib(usbuser.o)
    0x1000990c   0x0000002c   Code   RO         2880    i.USB_Connect       libpixy_m4.lib(usbhw.o)
    0x10009938   0x00000038   Code   RO         1259    i.USB_DataInStage   libpixy_m4.lib(usbcore.o)
    0x10009970   0x00000028   Code   RO         1260    i.USB_DataOutStage  libpixy_m4.lib(usbcore.o)
    0x10009998   0x00000002   Code   RO         2881    i.USB_DirCtrlEP     libpixy_m4.lib(usbhw.o)
    0x1000999a   0x00000002   PAD
    0x1000999c   0x00000060   Code   RO         2882    i.USB_DisableEP     libpixy_m4.lib(usbhw.o)
    0x100099fc   0x00000060   Code   RO         2883    i.USB_EnableEP      libpixy_m4.lib(usbhw.o)
    0x10009a5c   0x00000268   Code   RO         1261    i.USB_EndPoint0     libpixy_m4.lib(usbcore.o)
    0x10009cc4   0x0000000a   Code   RO         3048    i.USB_EndPoint1     libpixy_m4.lib(usbuser.o)
    0x10009cce   0x00000022   Code   RO         3049    i.USB_EndPoint2     libpixy_m4.lib(usbuser.o)
    0x10009cf0   0x000000a8   Code   RO         2884    i.USB_Init          libpixy_m4.lib(usbhw.o)
    0x10009d98   0x0000008c   Code   RO         2885    i.USB_ProgDTD       libpixy_m4.lib(usbhw.o)
    0x10009e24   0x00000034   Code   RO         2886    i.USB_ReadEP        libpixy_m4.lib(usbhw.o)
    0x10009e58   0x00000060   Code   RO         2887    i.USB_ReadReqEP     libpixy_m4.lib(usbhw.o)
    0x10009eb8   0x00000084   Code   RO         2888    i.USB_ReadSetupPkt  libpixy_m4.lib(usbhw.o)
    0x10009f3c   0x00000038   Code   RO         3053    i.USB_Recv          libpixy_m4.lib(usbuser.o)
    0x10009f74   0x0000000a   Code   RO         3054    i.USB_RecvReset     libpixy_m4.lib(usbuser.o)
    0x10009f7e   0x00000002   PAD
    0x10009f80   0x00000120   Code   RO         1323    i.USB_ReqGetDescriptor  libpixy_m4.lib(usbcore.o)
    0x1000a0a0   0x000000c0   Code   RO         1311    i.USB_ReqGetStatus  libpixy_m4.lib(usbcore.o)
    0x1000a160   0x000000fc   Code   RO         1317    i.USB_ReqSetClrFeature  libpixy_m4.lib(usbcore.o)
    0x1000a25c   0x000001cc   Code   RO         1329    i.USB_ReqSetConfiguration  libpixy_m4.lib(usbcore.o)
    0x1000a428   0x00000150   Code   RO         1335    i.USB_ReqSetInterface  libpixy_m4.lib(usbcore.o)
    0x1000a578   0x00000134   Code   RO         2889    i.USB_Reset         libpixy_m4.lib(usbhw.o)
    0x1000a6ac   0x0000003c   Code   RO         1262    i.USB_ResetCore     libpixy_m4.lib(usbcore.o)
    0x1000a6e8   0x0000006c   Code   RO         2890    i.USB_ResetEP       libpixy_m4.lib(usbhw.o)
    0x1000a754   0x00000008   Code   RO         3055    i.USB_Reset_Event   libpixy_m4.lib(usbuser.o)
    0x1000a75c   0x00000038   Code   RO         3057    i.USB_Send          libpixy_m4.lib(usbuser.o)
    0x1000a794   0x0000000a   Code   RO         3058    i.USB_SendReset     libpixy_m4.lib(usbuser.o)
    0x1000a79e   0x00000002   PAD
    0x1000a7a0   0x0000001c   Code   RO         2892    i.USB_SetAddress    libpixy_m4.lib(usbhw.o)
    0x1000a7bc   0x00000034   Code   RO         2893    i.USB_SetStallEP    libpixy_m4.lib(usbhw.o)
    0x1000a7f0   0x0000002c   Code   RO         2894    i.USB_SetTestMode   libpixy_m4.lib(usbhw.o)
    0x1000a81c   0x00000010   Code   RO         1263    i.USB_SetupStage    libpixy_m4.lib(usbcore.o)
    0x1000a82c   0x0000000e   Code   RO         1264    i.USB_StatusInStage  libpixy_m4.lib(usbcore.o)
    0x1000a83a   0x00000002   PAD
    0x1000a83c   0x00000010   Code   RO         1265    i.USB_StatusOutStage  libpixy_m4.lib(usbcore.o)
    0x1000a84c   0x00000040   Code   RO         3060    i.USB_UserInit      libpixy_m4.lib(usbuser.o)
    0x1000a88c   0x00000002   Code   RO         2897    i.USB_WakeUpCfg     libpixy_m4.lib(usbhw.o)
    0x1000a88e   0x00000002   PAD
    0x1000a890   0x00000060   Code   RO         2898    i.USB_WriteEP       libpixy_m4.lib(usbhw.o)
    0x1000a8f0   0x00000050   Code   RO         3061    i.USB_handleState   libpixy_m4.lib(usbuser.o)
    0x1000a940   0x00000068   Code   RO         1382    i._Z10CameraInitv   libpixy_m4.lib(pixy_init.o)
    0x1000a9a8   0x0000000c   Code   RO         1591    i._Z10cam_getAECv   libpixy_m4.lib(camera.o)
    0x1000a9b4   0x0000000c   Code   RO         1592    i._Z10cam_getAWBv   libpixy_m4.lib(camera.o)
    0x1000a9c0   0x00000034   Code   RO         1593    i._Z10cam_getECVv   libpixy_m4.lib(camera.o)
    0x1000a9f4   0x00000034   Code   RO         1594    i._Z10cam_getWBVv   libpixy_m4.lib(camera.o)
    0x1000aa28   0x00000044   Code   RO         1595    i._Z10cam_setAECRKh  libpixy_m4.lib(camera.o)
    0x1000aa6c   0x0000005c   Code   RO         1596    i._Z10cam_setAWBRKh  libpixy_m4.lib(camera.o)
    0x1000aac8   0x00000038   Code   RO         1597    i._Z10cam_setECVRKj  libpixy_m4.lib(camera.o)
    0x1000ab00   0x00000038   Code   RO         1598    i._Z10cam_setWBVRKj  libpixy_m4.lib(camera.o)
    0x1000ab38   0x00000030   Code   RO         1383    i._Z10commonInitv   libpixy_m4.lib(pixy_init.o)
    0x1000ab68   0x0000005c   Code   RO         1848    i._Z10led_setPWMht  libpixy_m4.lib(led.o)
    0x1000abc4   0x0000002a   Code   RO         1849    i._Z10led_setRGBRKhS0_S0_  libpixy_m4.lib(led.o)
    0x1000abee   0x00000002   PAD
    0x1000abf0   0x00000034   Code   RO         2161    i._Z10prm_formatv   libpixy_m4.lib(param.o)
    0x1000ac24   0x000000b4   Code   RO         2162    i._Z10prm_getAllRKtP5Chirp  libpixy_m4.lib(param.o)
    0x1000acd8   0x00000018   Code   RO         3591    i._Z10pwr_getVinv   libpixy_m4.lib(power.o)
    0x1000acf0   0x0000005c   Code   RO         1929    i._Z10rcs_enableRKhS0_  libpixy_m4.lib(rcservo.o)
    0x1000ad4c   0x0000001c   Code   RO         1930    i._Z10rcs_getPosRKh  libpixy_m4.lib(rcservo.o)
    0x1000ad68   0x0000009c   Code   RO         1931    i._Z10rcs_setPosRKhRKt  libpixy_m4.lib(rcservo.o)
    0x1000ae04   0x0000000c   Code   RO         1599    i._Z11cam_getModev  libpixy_m4.lib(camera.o)
    0x1000ae10   0x00000050   Code   RO         1600    i._Z11cam_setModeRKh  libpixy_m4.lib(camera.o)
    0x1000ae60   0x00000060   Code   RO         1601    i._Z11cam_setRegsPKhi  libpixy_m4.lib(camera.o)
    0x1000aec0   0x00000068   Code   RO         3642    i._Z11flash_erasejj  libpixy_m4.lib(flash.o)
    0x1000af28   0x00000014   Code   RO         2163    i._Z11prm_getDescP11ParamRecord  libpixy_m4.lib(param.o)
    0x1000af3c   0x00000060   Code   RO         2164    i._Z11prm_getInfoPKcP5Chirp  libpixy_m4.lib(param.o)
    0x1000af9c   0x00000014   Code   RO         3592    i._Z11pwr_getVbusv  libpixy_m4.lib(power.o)
    0x1000afb0   0x00000038   Code   RO         1932    i._Z11rcs_setFreqRKt  libpixy_m4.lib(rcservo.o)
    0x1000afe8   0x000000f8   Code   RO         1602    i._Z12cam_getFramePhjhtttt  libpixy_m4.lib(camera.o)
    0x1000b0e0   0x00000038   Code   RO         2165    i._Z12prm_getChirpPKcP5Chirp  libpixy_m4.lib(param.o)
    0x1000b118   0x00000040   Code   RO         2166    i._Z12prm_nextFreev  libpixy_m4.lib(param.o)
    0x1000b158   0x000000a4   Code   RO         2167    i._Z12prm_setChirpPKcRKjPKh  libpixy_m4.lib(param.o)
    0x1000b1fc   0x0000000c   Code   RO         2168    i._Z12prm_setDirtyb  libpixy_m4.lib(param.o)
    0x1000b208   0x00000008   Code   RO         4287    i._Z13__new_nothrowj  cpprt_w.l(new_cheapnothrow.o)
    0x1000b210   0x00000058   Code   RO         3643    i._Z13flash_programjPKhj  libpixy_m4.lib(flash.o)
    0x1000b268   0x00000040   Code   RO         2169    i._Z13prm_verifyAllv  libpixy_m4.lib(param.o)
    0x1000b2a8   0x0000008c   Code   RO         1933    i._Z13rcs_setLimitsRKhRKsS2_  libpixy_m4.lib(rcservo.o)
    0x1000b334   0x00000038   Code   RO         1603    i._Z14cam_loadParamsv  libpixy_m4.lib(camera.o)
    0x1000b36c   0x00000018   Code   RO         3593    i._Z14pwr_USBpoweredv  libpixy_m4.lib(power.o)
    0x1000b384   0x00000168   Code   RO         1934    i._Z14rcs_loadParamsv  libpixy_m4.lib(rcservo.o)
    0x1000b4ec   0x00000014   Code   RO         1604    i._Z15cam_getRegisterRKh  libpixy_m4.lib(camera.o)
    0x1000b500   0x0000001c   Code   RO         1605    i._Z15cam_setRegisterRKhS0_  libpixy_m4.lib(camera.o)
    0x1000b51c   0x0000003c   Code   RO         1606    i._Z15cam_testPatternRKh  libpixy_m4.lib(camera.o)
    0x1000b558   0x0000000c   Code   RO         1607    i._Z16cam_getLightModev  libpixy_m4.lib(camera.o)
    0x1000b564   0x000000cc   Code   RO         1608    i._Z16cam_setLightModeRKh  libpixy_m4.lib(camera.o)
    0x1000b630   0x00000018   Code   RO         2170    i._Z16prm_verifyRecordPK11ParamRecord  libpixy_m4.lib(param.o)
    0x1000b648   0x0000000c   Code   RO         1609    i._Z17cam_getBrightnessv  libpixy_m4.lib(camera.o)
    0x1000b654   0x00000028   Code   RO         1610    i._Z17cam_getFrameChirpRKhRKtS2_S2_S2_P5Chirp  libpixy_m4.lib(camera.o)
    0x1000b67c   0x0000003c   Code   RO         1611    i._Z17cam_setBrightnessRKh  libpixy_m4.lib(camera.o)
    0x1000b6b8   0x00000020   Code   RO         1850    i._Z17led_getMaxCurrentv  libpixy_m4.lib(led.o)
    0x1000b6d8   0x000000f4   Code   RO         1851    i._Z17led_setMaxCurrentRKj  libpixy_m4.lib(led.o)
    0x1000b7cc   0x00000028   Code   RO         2171    i._Z17prm_getDataOffsetPK11ParamRecord  libpixy_m4.lib(param.o)
    0x1000b7f4   0x00000090   Code   RO         1612    i._Z22cam_getFrameChirpFlagsRKhRKtS2_S2_S2_P5Chirph  libpixy_m4.lib(camera.o)
    0x1000b884   0x00000020   Code   RO         1385    i._Z7ADCInitv       libpixy_m4.lib(pixy_init.o)
    0x1000b8a4   0x00000108   Code   RO         1386    i._Z7SCTInitv       libpixy_m4.lib(pixy_init.o)
    0x1000b9ac   0x00000034   Code   RO         1387    i._Z7cprintfPKcz    libpixy_m4.lib(pixy_init.o)
    0x1000b9e0   0x00000038   Code   RO         1852    i._Z7led_setRKj     libpixy_m4.lib(led.o)
    0x1000ba18   0x000000e8   Code   RO         1853    i._Z7led_sethhb     libpixy_m4.lib(led.o)
    0x1000bb00   0x000000ca   Code   RO         2172    i._Z7prm_addPKcjS0_z  libpixy_m4.lib(param.o)
    0x1000bbca   0x00000034   Code   RO         2173    i._Z7prm_crcPK11ParamRecord  libpixy_m4.lib(param.o)
    0x1000bbfe   0x0000003a   Code   RO         2174    i._Z7prm_getPKcz    libpixy_m4.lib(param.o)
    0x1000bc38   0x0000003c   Code   RO         2175    i._Z7prm_setPKcz    libpixy_m4.lib(param.o)
    0x1000bc74   0x00000020   Code   RO         1388    i._Z8GPIOInitv      libpixy_m4.lib(pixy_init.o)
    0x1000bc94   0x00000088   Code   RO         1613    i._Z8cam_initv      libpixy_m4.lib(camera.o)
    0x1000bd1c   0x0000010c   Code   RO         1854    i._Z8led_initv      libpixy_m4.lib(led.o)
    0x1000be28   0x00000058   Code   RO         1389    i._Z8periodicv      libpixy_m4.lib(pixy_init.o)
    0x1000be80   0x00000100   Code   RO         1390    i._Z8pixyInitjPKhj  libpixy_m4.lib(pixy_init.o)
    0x1000bf80   0x00000058   Code   RO         2176    i._Z8prm_findPKcPh  libpixy_m4.lib(param.o)
    0x1000bfd8   0x00000024   Code   RO         2177    i._Z8prm_initP5Chirp  libpixy_m4.lib(param.o)
    0x1000bffc   0x00000050   Code   RO         3594    i._Z8pwr_initv      libpixy_m4.lib(power.o)
    0x1000c04c   0x00000054   Code   RO         1935    i._Z8rcs_initv      libpixy_m4.lib(rcservo.o)
    0x1000c0a0   0x00000014   Code   RO         2321    i._Z9copyAlignPcPKci  libpixy_m4.lib(chirp.o)
    0x1000c0b4   0x00000058   Code   RO         1391    i._Z9handleAWBv     libpixy_m4.lib(pixy_init.o)
    0x1000c10c   0x00000010   Code   RO         2178    i._Z9prm_dirtyv     libpixy_m4.lib(param.o)
    0x1000c11c   0x00000008   Code   RO         2179    i._Z9prm_getIdP11ParamRecord  libpixy_m4.lib(param.o)
    0x1000c124   0x00000014   Code   RO         3595    i._Z9pwr_get5vv     libpixy_m4.lib(power.o)
    0x1000c138   0x00000024   Code   RO         1392    i._Z9timerInitv     libpixy_m4.lib(pixy_init.o)
    0x1000c15c   0x0000002c   Code   RO          220    i._ZN10ColorModelC1Ev  conncomp.o
    0x1000c188   0x00000006   Code   RO          579    i._ZN4LineC1Eff     colorlut.o
    0x1000c18e   0x00000008   Code   RO          223    i._ZN4LineC1Ev      conncomp.o
    0x1000c196   0x0000000c   Code   RO         3311    i._ZN4Link8getFlagsEh  libpixy_m4.lib(usblink.o)
    0x1000c1a2   0x00000006   Code   RO         3317    i._ZN4Link9blockSizeEv  libpixy_m4.lib(usblink.o)
    0x1000c1a8   0x000000a4   Code   RO         3188    i._ZN5CSccb4ReadEh  libpixy_m4.lib(sccb.o)
    0x1000c24c   0x00000020   Code   RO         3248    i._ZN5CSccb4StopEv  libpixy_m4.lib(sccb.o)
    0x1000c26c   0x00000028   Code   RO         3236    i._ZN5CSccb5DriveEv  libpixy_m4.lib(sccb.o)
    0x1000c294   0x0000002a   Code   RO         3242    i._ZN5CSccb5StartEv  libpixy_m4.lib(sccb.o)
    0x1000c2be   0x00000086   Code   RO         3190    i._ZN5CSccb5WriteEh  libpixy_m4.lib(sccb.o)
    0x1000c344   0x0000002e   Code   RO         3191    i._ZN5CSccb5WriteEhh  libpixy_m4.lib(sccb.o)
    0x1000c372   0x00000002   PAD
    0x1000c374   0x00000028   Code   RO         3230    i._ZN5CSccb8TriStateEv  libpixy_m4.lib(sccb.o)
    0x1000c39c   0x0000003c   Code   RO         3224    i._ZN5CSccb9PortWriteEhh  libpixy_m4.lib(sccb.o)
    0x1000c3d8   0x0000002c   Code   RO         3192    i._ZN5CSccbC1Eh     libpixy_m4.lib(sccb.o)
    0x1000c404   0x000000a8   Code   RO         2322    i._ZN5Chirp10getArgListEPhjS0_  libpixy_m4.lib(chirp.o)
    0x1000c4ac   0x0000004e   Code   RO         2323    i._ZN5Chirp10handleInitEPtPh  libpixy_m4.lib(chirp.o)
    0x1000c4fa   0x00000002   PAD
    0x1000c4fc   0x0000013c   Code   RO         2324    i._ZN5Chirp10recvHeaderEPhPsb  libpixy_m4.lib(chirp.o)
    0x1000c638   0x00000056   Code   RO         2325    i._ZN5Chirp10remoteInitEb  libpixy_m4.lib(chirp.o)
    0x1000c68e   0x00000002   PAD
    0x1000c690   0x000000dc   Code   RO         2326    i._ZN5Chirp10sendHeaderEhs  libpixy_m4.lib(chirp.o)
    0x1000c76c   0x00000274   Code   RO         2327    i._ZN5Chirp10vserializeEPS_PhjPSt9__va_list  libpixy_m4.lib(chirp.o)
    0x1000c9e0   0x000001f4   Code   RO         2330    i._ZN5Chirp11handleChirpEhsPPv  libpixy_m4.lib(chirp.o)
    0x1000cbd4   0x00000002   Code   RO         2611    i._ZN5Chirp11handleXdataEPPv  libpixy_m4.lib(chirp.o)
    0x1000cbd6   0x00000038   Code   RO         2331    i._ZN5Chirp11lookupTableEPKc  libpixy_m4.lib(chirp.o)
    0x1000cc0e   0x00000068   Code   RO         2332    i._ZN5Chirp11updateTableEPKcPFjPS_E  libpixy_m4.lib(chirp.o)
    0x1000cc76   0x00000002   PAD
    0x1000cc78   0x00000044   Code   RO         2333    i._ZN5Chirp12reallocTableEv  libpixy_m4.lib(chirp.o)
    0x1000ccbc   0x00000028   Code   RO         2334    i._ZN5Chirp12vdeserializeEPhjPSt9__va_list  libpixy_m4.lib(chirp.o)
    0x1000cce4   0x0000000e   Code   RO         2335    i._ZN5Chirp13restoreBufferEv  libpixy_m4.lib(chirp.o)
    0x1000ccf2   0x0000003e   Code   RO         2336    i._ZN5Chirp14registerModuleEPK10ProcModule  libpixy_m4.lib(chirp.o)
    0x1000cd30   0x0000005e   Code   RO         2337    i._ZN5Chirp14sendChirpRetryEhs  libpixy_m4.lib(chirp.o)
    0x1000cd8e   0x00000024   Code   RO         2338    i._ZN5Chirp15handleEnumerateEPcPs  libpixy_m4.lib(chirp.o)
    0x1000cdb2   0x000000c2   Code   RO         2339    i._ZN5Chirp16deserializeParseEPhjPPv  libpixy_m4.lib(chirp.o)
    0x1000ce74   0x00000094   Code   RO         2340    i._ZN5Chirp19handleEnumerateInfoEPs  libpixy_m4.lib(chirp.o)
    0x1000cf08   0x0000012a   Code   RO         2341    i._ZN5Chirp4callEhsz  libpixy_m4.lib(chirp.o)
    0x1000d032   0x00000006   Code   RO         2342    i._ZN5Chirp4initEb  libpixy_m4.lib(chirp.o)
    0x1000d038   0x0000001c   Code   RO         2343    i._ZN5Chirp7calcCrcEPhj  libpixy_m4.lib(chirp.o)
    0x1000d054   0x0000004c   Code   RO         2344    i._ZN5Chirp7getProcEPKcPFjPS_E  libpixy_m4.lib(chirp.o)
    0x1000d0a0   0x00000008   Code   RO         2345    i._ZN5Chirp7getTypeEPv  libpixy_m4.lib(chirp.o)
    0x1000d0a8   0x0000004c   Code   RO         2346    i._ZN5Chirp7reallocEj  libpixy_m4.lib(chirp.o)
    0x1000d0f4   0x00000042   Code   RO         2347    i._ZN5Chirp7recvAckEPbt  libpixy_m4.lib(chirp.o)
    0x1000d136   0x0000002e   Code   RO         2348    i._ZN5Chirp7sendAckEb  libpixy_m4.lib(chirp.o)
    0x1000d164   0x00000044   Code   RO         2349    i._ZN5Chirp7serviceEb  libpixy_m4.lib(chirp.o)
    0x1000d1a8   0x00000084   Code   RO         2350    i._ZN5Chirp7setLinkEP4Link  libpixy_m4.lib(chirp.o)
    0x1000d22c   0x00000030   Code   RO         2351    i._ZN5Chirp7setProcEPKcPFjPS_EP18ProcTableExtension  libpixy_m4.lib(chirp.o)
    0x1000d25c   0x00000056   Code   RO         2352    i._ZN5Chirp8assembleEhz  libpixy_m4.lib(chirp.o)
    0x1000d2b2   0x000000ac   Code   RO         2353    i._ZN5Chirp8loadArgsEPSt9__va_listPPv  libpixy_m4.lib(chirp.o)
    0x1000d35e   0x000000f2   Code   RO         2354    i._ZN5Chirp8recvDataEv  libpixy_m4.lib(chirp.o)
    0x1000d450   0x000000c8   Code   RO         2355    i._ZN5Chirp8recvFullEPhPsb  libpixy_m4.lib(chirp.o)
    0x1000d518   0x000000c0   Code   RO         2356    i._ZN5Chirp8sendDataEv  libpixy_m4.lib(chirp.o)
    0x1000d5d8   0x0000007c   Code   RO         2357    i._ZN5Chirp8sendFullEhs  libpixy_m4.lib(chirp.o)
    0x1000d654   0x00000008   Code   RO         2358    i._ZN5Chirp9connectedEv  libpixy_m4.lib(chirp.o)
    0x1000d65c   0x000000aa   Code   RO         2359    i._ZN5Chirp9recvChirpEPhPsPPvb  libpixy_m4.lib(chirp.o)
    0x1000d706   0x0000004a   Code   RO         2360    i._ZN5Chirp9sendChirpEhs  libpixy_m4.lib(chirp.o)
    0x1000d750   0x00000026   Code   RO         2361    i._ZN5Chirp9serializeEPS_Phjz  libpixy_m4.lib(chirp.o)
    0x1000d776   0x0000004c   Code   RO         2362    i._ZN5Chirp9useBufferEPhj  libpixy_m4.lib(chirp.o)
    0x1000d7c2   0x00000026   Code   RO         2363    i._ZN5Chirp9vassembleEPSt9__va_list  libpixy_m4.lib(chirp.o)
    0x1000d7e8   0x00000078   Code   RO         2364    i._ZN5ChirpC1EbbP4Link  libpixy_m4.lib(chirp.o)
    0x1000d860   0x0000000c   Code   RO          561    i._ZN5RectAC1Ev     colorlut.o
    0x1000d86c   0x00000006   Code   RO          573    i._ZN6FpointC1Eff   colorlut.o
    0x1000d872   0x00000008   Code   RO          567    i._ZN6FpointC1Ev    colorlut.o
    0x1000d87a   0x00000002   PAD
    0x1000d87c   0x00000044   Code   RO         3530    i._ZN6SMLink4sendEPKhjt  libpixy_m4.lib(smlink.o)
    0x1000d8c0   0x00000044   Code   RO         3531    i._ZN6SMLink7receiveEPhjt  libpixy_m4.lib(smlink.o)
    0x1000d904   0x00000028   Code   RO         3532    i._ZN6SMLink8getFlagsEh  libpixy_m4.lib(smlink.o)
    0x1000d92c   0x0000000c   Code   RO         3533    i._ZN6SMLink8getTimerEv  libpixy_m4.lib(smlink.o)
    0x1000d938   0x0000000e   Code   RO         3534    i._ZN6SMLink8setTimerEv  libpixy_m4.lib(smlink.o)
    0x1000d946   0x00000002   PAD
    0x1000d948   0x0000002c   Code   RO         3535    i._ZN6SMLinkC1Ev    libpixy_m4.lib(smlink.o)
    0x1000d974   0x00000006   Code   RO          745    i._ZN7Iserial10receiveLenEv  i2c.o
    0x1000d97a   0x00000006   Code   RO          757    i._ZN7Iserial4openEv  i2c.o
    0x1000d980   0x00000006   Code   RO          763    i._ZN7Iserial5closeEv  i2c.o
    0x1000d986   0x00000006   Code   RO          775    i._ZN7Iserial6updateEv  i2c.o
    0x1000d98c   0x00000006   Code   RO          769    i._ZN7Iserial7receiveEPhj  i2c.o
    0x1000d992   0x00000002   PAD
    0x1000d994   0x00000070   Code   RO         3263    i._ZN7USBLink4sendEPKhjt  libpixy_m4.lib(usblink.o)
    0x1000da04   0x000000d8   Code   RO         3264    i._ZN7USBLink7receiveEPhjt  libpixy_m4.lib(usblink.o)
    0x1000dadc   0x0000000c   Code   RO         3265    i._ZN7USBLink8getTimerEv  libpixy_m4.lib(usblink.o)
    0x1000dae8   0x0000000e   Code   RO         3266    i._ZN7USBLink8setTimerEv  libpixy_m4.lib(usblink.o)
    0x1000daf6   0x00000002   PAD
    0x1000daf8   0x00000020   Code   RO         3267    i._ZN7USBLinkC1Ev   libpixy_m4.lib(usblink.o)
    0x1000db18   0x0000000a   Code   RO          476    i._ZN8SMoments3AddERKS_  blob.o
    0x1000db22   0x0000000c   Code   RO          591    i._ZSt3cosf         colorlut.o
    0x1000db2e   0x0000000c   Code   RO          597    i._ZSt3tanf         colorlut.o
    0x1000db3a   0x00000008   Code   RO          585    i._ZSt4fabsf        colorlut.o
    0x1000db42   0x00000008   Code   RO         3846    i._ZdaPv            cpprt_w.l(array_del.o)
    0x1000db4a   0x00000008   Code   RO         3856    i._ZdlPv            cpprt_w.l(delete.o)
    0x1000db52   0x00000008   Code   RO         3849    i._Znaj             cpprt_w.l(array_new.o)
    0x1000db5a   0x00000008   Code   RO         3853    i._ZnajRKSt9nothrow_t  cpprt_w.l(array_nonew.o)
    0x1000db62   0x00000002   PAD
    0x1000db64   0x00000028   Code   RO         3859    i._Znwj             cpprt_w.l(new.o)
    0x1000db8c   0x00000008   Code   RO         3972    i._ZnwjRKSt9nothrow_t  cpprt_w.l(new_wrapnothrow.o)
    0x1000db94   0x00000030   Code   RO         4492    i.__ARM_fpclassify  m_wm.l(fpclassify.o)
    0x1000dbc4   0x00000026   Code   RO         4315    i.__ARM_fpclassifyf  m_wm.l(fpclassifyf.o)
    0x1000dbea   0x00000024   Code   RO         3866    i.__aeabi_vec_ctor_nocookie_nodtor  cpprt_w.l(aeabi_vec_ctor_nocookie_nodtor.o)
    0x1000dc0e   0x00000006   Code   RO         3863    i.__cxa_pure_virtual  cpprt_w.l(pure_virt.o)
    0x1000dc14   0x0000024c   Code   RO         4021    i.__hardfp_atan2f   m_wm.l(atan2f.o)
    0x1000de60   0x00000158   Code   RO         4033    i.__hardfp_cosf     m_wm.l(cosf.o)
    0x1000dfb8   0x000001e8   Code   RO         4045    i.__hardfp_expf     m_wm.l(expf.o)
    0x1000e1a0   0x00000174   Code   RO         4059    i.__hardfp_logf     m_wm.l(logf.o)
    0x1000e314   0x0000018c   Code   RO         4073    i.__hardfp_sinf     m_wm.l(sinf.o)
    0x1000e4a0   0x00000178   Code   RO         4097    i.__hardfp_tanf     m_wm.l(tanf.o)
    0x1000e618   0x00000010   Code   RO         4317    i.__mathlib_flt_underflow  m_wm.l(funder.o)
    0x1000e628   0x00000140   Code   RO         4319    i.__mathlib_rredf2  m_wm.l(rredf.o)
    0x1000e768   0x00000014   Code   RO         1614    i.__sti___10_camera_cpp_g_sccb  libpixy_m4.lib(camera.o)
    0x1000e77c   0x0000000e   Code   RO         3810    i._is_digit         c_w.l(__printf_wp.o)
    0x1000e78a   0x00000002   PAD
    0x1000e78c   0x0000001c   Code   RO         3375    i._mbxProcess       libpixy_m4.lib(ipc_mbx.o)
    0x1000e7a8   0x0000004c   Code   RO         1992    i.adc_get           libpixy_m4.lib(misc.o)
    0x1000e7f4   0x00000014   Code   RO         4023    i.atan2f            m_wm.l(atan2f.o)
    0x1000e808   0x00000034   Code   RO         1993    i.button            libpixy_m4.lib(misc.o)
    0x1000e83c   0x00000148   Code   RO         2810    i.clockInit         libpixy_m4.lib(platform_config.o)
    0x1000e984   0x00000010   Code   RO         4035    i.cosf              m_wm.l(cosf.o)
    0x1000e994   0x000000b4   Code   RO         2640    i.debug_frmwrk_init_clk  libpixy_m4.lib(debug_frmwrk.o)
    0x1000ea48   0x00000018   Code   RO         1995    i.delayus           libpixy_m4.lib(misc.o)
    0x1000ea60   0x00000028   Code   RO         2811    i.delayus           libpixy_m4.lib(platform_config.o)
    0x1000ea88   0x00000050   Code   RO         3662    i.fpuInit           libpixy_m4.lib(fpu_init.o)
    0x1000ead8   0x00000010   Code   RO         1996    i.getTimer          libpixy_m4.lib(misc.o)
    0x1000eae8   0x00000010   Code   RO         4061    i.logf              m_wm.l(logf.o)
    0x1000eaf8   0x00000034   Code   RO         2641    i.lpc_printf        libpixy_m4.lib(debug_frmwrk.o)
    0x1000eb2c   0x00000014   Code   RO         2812    i.platformInit      libpixy_m4.lib(platform_config.o)
    0x1000eb40   0x00000078   Code   RO         3063    i.recvChunk         libpixy_m4.lib(usbuser.o)
    0x1000ebb8   0x00000024   Code   RO         1083    i.scu_pinmux        libpixy_m4.lib(lpc43xx_scu.o)
    0x1000ebdc   0x00000078   Code   RO         3064    i.sendChunk         libpixy_m4.lib(usbuser.o)
    0x1000ec54   0x0000000c   Code   RO         1997    i.setTimer          libpixy_m4.lib(misc.o)
    0x1000ec60   0x00000050   Code   RO         1998    i.showError         libpixy_m4.lib(misc.o)
    0x1000ecb0   0x00000010   Code   RO         4075    i.sinf              m_wm.l(sinf.o)
    0x1000ecc0   0x0000003e   Code   RO         4087    i.sqrtf             m_wm.l(sqrtf.o)
    0x1000ecfe   0x00000010   Code   RO         4099    i.tanf              m_wm.l(tanf.o)
    0x1000ed0e   0x00000002   PAD
    0x1000ed10   0x00000264   Code   RO         2813    i.vIOInit           libpixy_m4.lib(platform_config.o)
    0x1000ef74   0x0000002c   Code   RO         4454    locale$$code        c_w.l(lc_numeric_c.o)
    0x1000efa0   0x0000002c   Code   RO         4506    locale$$code        c_w.l(lc_ctype_c.o)
    0x1000efcc   0x0000000a   Code   RO          899    t._ZN8ReceiveQItE10receiveLenEv  spi.o
    0x1000efd6   0x00000002   PAD
    0x1000efd8   0x00000062   Code   RO         3977    x$fpl$d2f           fz_wm.l(d2f.o)
    0x1000f03a   0x00000002   PAD
    0x1000f03c   0x000002b0   Code   RO         3980    x$fpl$ddiv          fz_wm.l(ddiv.o)
    0x1000f2ec   0x00000026   Code   RO         3983    x$fpl$dfltu         fz_wm.l(dflt_clz.o)
    0x1000f312   0x00000002   PAD
    0x1000f314   0x00000154   Code   RO         3989    x$fpl$dmul          fz_wm.l(dmul.o)
    0x1000f468   0x0000009c   Code   RO         4300    x$fpl$dnaninf       fz_wm.l(dnaninf.o)
    0x1000f504   0x0000000c   Code   RO         4302    x$fpl$dretinf       fz_wm.l(dretinf.o)
    0x1000f510   0x00000056   Code   RO         3991    x$fpl$f2d           fz_wm.l(f2d.o)
    0x1000f566   0x00000012   Code   RO         3993    x$fpl$fadd          fz_wm.l(faddsub_clz.o)
    0x1000f578   0x00000018   Code   RO         4304    x$fpl$fcmpinf       fz_wm.l(fcmpi.o)
    0x1000f590   0x00000012   Code   RO         3999    x$fpl$fdiv          fz_wm.l(fdiv.o)
    0x1000f5a2   0x0000000e   Code   RO         4003    x$fpl$ffix          fz_wm.l(ffix.o)
    0x1000f5b0   0x0000000e   Code   RO         4007    x$fpl$ffixu         fz_wm.l(ffixu.o)
    0x1000f5be   0x0000000e   Code   RO         4012    x$fpl$fflt          fz_wm.l(fflt_clz.o)
    0x1000f5cc   0x0000000e   Code   RO         4011    x$fpl$ffltu         fz_wm.l(fflt_clz.o)
    0x1000f5da   0x00000002   PAD
    0x1000f5dc   0x00000030   Code   RO         4015    x$fpl$fleqf         fz_wm.l(fleqf.o)
    0x1000f60c   0x00000012   Code   RO         4017    x$fpl$fmul          fz_wm.l(fmul.o)
    0x1000f61e   0x0000008c   Code   RO         4306    x$fpl$fnaninf       fz_wm.l(fnaninf.o)
    0x1000f6aa   0x0000000a   Code   RO         4410    x$fpl$fpinit        fz_wm.l(fpinit.o)
    0x1000f6b4   0x0000000a   Code   RO         4308    x$fpl$fretinf       fz_wm.l(fretinf.o)
    0x1000f6be   0x00000028   Code   RO         4019    x$fpl$frleqf        fz_wm.l(frleqf.o)
    0x1000f6e6   0x00000012   Code   RO         3995    x$fpl$frsb          fz_wm.l(faddsub_clz.o)
    0x1000f6f8   0x00000012   Code   RO         3994    x$fpl$fsub          fz_wm.l(faddsub_clz.o)
    0x1000f70a   0x00000004   Code   RO         4312    x$fpl$printf1       fz_wm.l(printf1.o)
    0x1000f70e   0x00000000   Code   RO         4314    x$fpl$usenofp       fz_wm.l(usenofp.o)
    0x1000f70e   0x000015e4   Data   RO            4    .constdata          main_m4.o
    0x10010cf2   0x00000002   PAD
    0x10010cf4   0x000000c8   Data   RO          204    .constdata          conncomp.o
    0x10010dbc   0x000000c6   Data   RO          274    .constdata          exec.o
    0x10010e82   0x000004de   Data   RO          978    .constdata          libpixy_m4.lib(lpc43xx_cgu.o)
    0x10011360   0x0000022c   Data   RO         1639    .constdata          libpixy_m4.lib(camera.o)
    0x1001158c   0x00000078   Data   RO         1863    .constdata          libpixy_m4.lib(led.o)
    0x10011604   0x00000090   Data   RO         1943    .constdata          libpixy_m4.lib(rcservo.o)
    0x10011694   0x00000090   Data   RO         2199    .constdata          libpixy_m4.lib(param.o)
    0x10011724   0x00000128   Data   RO         2859    .constdata          libpixy_m4.lib(usbdesc.o)
    0x1001184c   0x00000078   Data   RO         3601    .constdata          libpixy_m4.lib(power.o)
    0x100118c4   0x00000040   Data   RO         3696    .constdata          libpixy_m4.lib(atmel.o)
    0x10011904   0x00000082   Data   RO         3707    .constdata          libpixy_m4.lib(macronix.o)
    0x10011986   0x00000002   PAD
    0x10011988   0x00000078   Data   RO         3714    .constdata          libpixy_m4.lib(sst.o)
    0x10011a00   0x00000011   Data   RO         3818    .constdata          c_w.l(__printf_flags_ss_wp.o)
    0x10011a11   0x00000001   Data   RO         3976    .constdata          cpprt_w.l(nothrow_obj.o)
    0x10011a12   0x00000002   PAD
    0x10011a14   0x00000030   Data   RO         4048    .constdata          m_wm.l(expf.o)
    0x10011a44   0x00000040   Data   RO         4062    .constdata          m_wm.l(logf.o)
    0x10011a84   0x00000008   Data   RO         4163    .constdata          c_w.l(_printf_wctomb.o)
    0x10011a8c   0x00000028   Data   RO         4192    .constdata          c_w.l(_printf_hex_int_ll_ptr.o)
    0x10011ab4   0x00000020   Data   RO         4320    .constdata          m_wm.l(rredf.o)
    0x10011ad4   0x00000094   Data   RO         4429    .constdata          c_w.l(bigflt0.o)
    0x10011b68   0x0000001c   Data   RO          744    .constdata__ZTV3I2c  i2c.o
    0x10011b84   0x0000001c   Data   RO          898    .constdata__ZTV3Spi  spi.o
    0x10011ba0   0x00000024   Data   RO         3330    .constdata__ZTV4Link  libpixy_m4.lib(usblink.o)
    0x10011bc4   0x0000001c   Data   RO          949    .constdata__ZTV4Uart  uart.o
    0x10011be0   0x00000018   Data   RO         2610    .constdata__ZTV5Chirp  libpixy_m4.lib(chirp.o)
    0x10011bf8   0x00000024   Data   RO         3579    .constdata__ZTV6SMLink  libpixy_m4.lib(smlink.o)
    0x10011c1c   0x0000001c   Data   RO          752    .constdata__ZTV7Iserial  i2c.o
    0x10011c38   0x00000024   Data   RO         3310    .constdata__ZTV7USBLink  libpixy_m4.lib(usblink.o)
    0x10011c5c   0x0000001c   Data   RO          864    .constdata__ZTV9AnalogDig  analogdig.o
    0x10011c78   0x00000549   Data   RO          205    .conststring        conncomp.o
    0x100121c1   0x00000003   PAD
    0x100121c4   0x000002d0   Data   RO          275    .conststring        exec.o
    0x10012494   0x00000024   Data   RO          309    .conststring        progblobs.o
    0x100124b8   0x0000002f   Data   RO          350    .conststring        progvideo.o
    0x100124e7   0x00000001   PAD
    0x100124e8   0x00000024   Data   RO          378    .conststring        progpt.o
    0x1001250c   0x00000135   Data   RO          811    .conststring        serial.o
    0x10012641   0x00000003   PAD
    0x10012644   0x00000882   Data   RO         1640    .conststring        libpixy_m4.lib(camera.o)
    0x10012ec6   0x00000002   PAD
    0x10012ec8   0x00000256   Data   RO         1864    .conststring        libpixy_m4.lib(led.o)
    0x1001311e   0x00000002   PAD
    0x10013120   0x000004c6   Data   RO         1944    .conststring        libpixy_m4.lib(rcservo.o)
    0x100135e6   0x00000002   PAD
    0x100135e8   0x00000244   Data   RO         2200    .conststring        libpixy_m4.lib(param.o)
    0x1001382c   0x00000128   Data   RO         3602    .conststring        libpixy_m4.lib(power.o)
    0x10013954   0x0000001c   Data   RO         4453    locale$$data        c_w.l(lc_numeric_c.o)
    0x10013970   0x00000110   Data   RO         4505    locale$$data        c_w.l(lc_ctype_c.o)
    0x10013a80   0x00000004   Data   RO          380    .init_array         progpt.o
    0x10013a84   0x00000004   Data   RO         1642    .init_array         libpixy_m4.lib(camera.o)
    0x10013a88   0x00000000   Data   RO         3841    .init_array         c_w.l(init_aeabi.o)


    Execution Region EXEC_SPIFI (Base: 0x14000000, Size: 0x00000160, Max: 0x00100000, ABSOLUTE)

    Base Addr    Size         Type   Attr      Idx    E Section Name        Object

    0x14000000   0x00000008   Data   RO         3523    RESET               libpixy_m4.lib(startup_lpc43xx_m4.o)
    0x14000008   0x00000008   Code   RO         3838  * !!!main             c_w.l(__main.o)
    0x14000010   0x00000034   Code   RO         4544    !!!scatter          c_w.l(__scatter.o)
    0x14000044   0x0000005a   Code   RO         4542    !!dczerorl2         c_w.l(__dczerorl2.o)
    0x1400009e   0x00000002   PAD
    0x140000a0   0x0000001a   Code   RO         4546    !!handler_copy      c_w.l(__scatter_copy.o)
    0x140000ba   0x00000002   PAD
    0x140000bc   0x0000001c   Code   RO         4548    !!handler_zi        c_w.l(__scatter_zi.o)
    0x140000d8   0x0000004c   Code   RO         3525    .text               libpixy_m4.lib(startup_lpc43xx_m4.o)
    0x14000124   0x0000000a   Ven    RO         4550    Veneer$$Code        anon$$obj.o
    0x1400012e   0x00000002   PAD
    0x14000130   0x00000030   Data   RO         4540    Region$$Table       anon$$obj.o


    Execution Region RW_IRAM1 (Base: 0x20000000, Size: 0x000079f0, Max: 0x00008000, ABSOLUTE, COMPRESSED[0x0000004c])

    Base Addr    Size         Type   Attr      Idx    E Section Name        Object

    0x20000000   0x0000000e   Data   RW          206    .data               conncomp.o
    0x2000000e   0x00000002   PAD
    0x20000010   0x00000014   Data   RW          276    .data               exec.o
    0x20000024   0x00000012   Data   RW          310    .data               progblobs.o
    0x20000036   0x00000002   PAD
    0x20000038   0x00000018   Data   RW          351    .data               progvideo.o
    0x20000050   0x00000010   Data   RW          379    .data               progpt.o
    0x20000060   0x0000000a   Data   RW          464    .data               blob.o
    0x2000006a   0x00000002   PAD
    0x2000006c   0x00000004   Data   RW          671    .data               lpc43xx_i2c.o
    0x20000070   0x00000004   Data   RW          729    .data               i2c.o
    0x20000074   0x00000008   Data   RW          812    .data               serial.o
    0x2000007c   0x00000004   Data   RW          849    .data               analogdig.o
    0x20000080   0x00000004   Data   RW          883    .data               spi.o
    0x20000084   0x00000004   Data   RW          934    .data               uart.o
    0x20000088   0x00000044   Data   RW          979    .data               libpixy_m4.lib(lpc43xx_cgu.o)
    0x200000cc   0x00000024   Data   RW         1267    .data               libpixy_m4.lib(usbcore.o)
    0x200000f0   0x0000000d   Data   RW         1404    .data               libpixy_m4.lib(pixy_init.o)
    0x200000fd   0x00000003   PAD
    0x20000100   0x00000014   Data   RW         1641    .data               libpixy_m4.lib(camera.o)
    0x20000114   0x00000015   Data   RW         1865    .data               libpixy_m4.lib(led.o)
    0x20000129   0x00000001   PAD
    0x2000012a   0x0000000c   Data   RW         1945    .data               libpixy_m4.lib(rcservo.o)
    0x20000136   0x00000002   PAD
    0x20000138   0x00000004   Data   RW         2006    .data               libpixy_m4.lib(misc.o)
    0x2000013c   0x00000001   Data   RW         2201    .data               libpixy_m4.lib(param.o)
    0x2000013d   0x00000003   PAD
    0x20000140   0x00000028   Data   RW         2642    .data               libpixy_m4.lib(debug_frmwrk.o)
    0x20000168   0x00000004   Data   RW         2900    .data               libpixy_m4.lib(usbhw.o)
    0x2000016c   0x0000002c   Data   RW         3067    .data               libpixy_m4.lib(usbuser.o)
    0x20000198   0x00000004   Data   RW         3276    .data               libpixy_m4.lib(usblink.o)
    0x2000019c   0x0000000c   Data   RW         3378    .data               libpixy_m4.lib(ipc_mbx.o)
    0x200001a8   0x00000020   Zero   RW          273    .bss                exec.o
    0x200001c8   0x00000028   Zero   RW          377    .bss                progpt.o
    0x200001f0   0x00000030   Zero   RW          670    .bss                lpc43xx_i2c.o
    0x20000220   0x00000040   Zero   RW         1266    .bss                libpixy_m4.lib(usbcore.o)
    0x20000260   0x0000000c   Zero   RW         1862    .bss                libpixy_m4.lib(led.o)
    0x2000026c   0x00000080   Zero   RW         2814    .bss                libpixy_m4.lib(platform_config.o)
    0x200002ec   0x00000514   PAD
    0x20000800   0x0000034c   Zero   RW         2899    .bss                libpixy_m4.lib(usbhw.o)
    0x20000b4c   0x00000040   Zero   RW         3275    .bss                libpixy_m4.lib(usblink.o)
    0x20000b8c   0x00000060   Zero   RW         4329    .bss                c_w.l(libspace.o)
    0x20000bec   0x00000004   PAD
    0x20000bf0   0x00006800   Zero   RW         3522    HEAP                libpixy_m4.lib(startup_lpc43xx_m4.o)
    0x200073f0   0x00000600   Zero   RW         3521    STACK               libpixy_m4.lib(startup_lpc43xx_m4.o)


==============================================================================

Image component sizes


      Code (inc. data)   RO Data    RW Data    ZI Data      Debug   Object Name

       268         30         28          4          0       3225   analogdig.o
      1426         96          0         10          0       9288   blob.o
      2688         54          0          0          0      18508   blobs.o
      1488         66          0          0          0      19533   button.o
      3016         90          0          0          0      18380   colorlut.o
      2044        402       1553         14          0      15565   conncomp.o
       948        150        918         20         32       6720   exec.o
       610         36         56          4          0      30863   i2c.o
      2428        108          0          4         48      68758   lpc43xx_i2c.o
       156         50       5604          0          0      56680   main_m4.o
       336         24         36         18          0       3516   progblobs.o
       816        310         40         16         40       9345   progpt.o
       336         36         47         24          0       2690   progvideo.o
       272          6          0          0          0       2664   qqueue.o
       428         92        309          8          0       2815   serial.o
       986         56         28          4          0       9315   spi.o
       640         34         28          4          0       5875   uart.o

    ----------------------------------------------------------------------
     18924       1640       8704        136        120     283740   Object Totals
        30          0         48          0          0          0   (incl. Generated)
         8          0          9          6          0          0   (incl. Padding)

    ----------------------------------------------------------------------

      Code (inc. data)   RO Data    RW Data    ZI Data      Debug   Library Member Name

        44          6          0          0          0         84   __2sprintf.o
        90          0          0          0          0          0   __dczerorl2.o
         8          0          0          0          0         68   __main.o
       392          4         17          0          0         92   __printf_flags_ss_wp.o
        14          0          0          0          0         68   __printf_wp.o
        48          0          0          0          0         88   __raise.o
        52          8          0          0          0          0   __scatter.o
        26          0          0          0          0          0   __scatter_copy.o
        28          0          0          0          0          0   __scatter_zi.o
         6          0          0          0          0          0   _printf_a.o
         6          0          0          0          0          0   _printf_c.o
        44          0          0          0          0        108   _printf_char.o
        48          6          0          0          0         96   _printf_char_common.o
        40          0          0          0          0         68   _printf_charcount.o
         6          0          0          0          0          0   _printf_d.o
       116         16          0          0          0         92   _printf_dec.o
         6          0          0          0          0          0   _printf_e.o
         6          0          0          0          0          0   _printf_f.o
      1046          0          0          0          0        216   _printf_fp_dec.o
       128         16          0          0          0         84   _printf_fp_infnan.o
         6          0          0          0          0          0   _printf_g.o
       148          4         40          0          0        160   _printf_hex_int_ll_ptr.o
         6          0          0          0          0          0   _printf_i.o
       178          0          0          0          0         88   _printf_intcommon.o
        10          0          0          0          0          0   _printf_l.o
         6          0          0          0          0          0   _printf_lc.o
        10          0          0          0          0          0   _printf_ll.o
         6          0          0          0          0          0   _printf_lld.o
         6          0          0          0          0          0   _printf_lli.o
         6          0          0          0          0          0   _printf_llo.o
         6          0          0          0          0          0   _printf_llu.o
         6          0          0          0          0          0   _printf_llx.o
       120         16          0          0          0         92   _printf_longlong_dec.o
         6          0          0          0          0          0   _printf_ls.o
         6          0          0          0          0          0   _printf_n.o
         6          0          0          0          0          0   _printf_o.o
       112          8          0          0          0        124   _printf_oct_int_ll.o
         6          0          0          0          0          0   _printf_p.o
        78          0          0          0          0        108   _printf_pad.o
         0          0          0          0          0          0   _printf_percent.o
         4          0          0          0          0          0   _printf_percent_end.o
         6          0          0          0          0          0   _printf_s.o
        82          0          0          0          0         80   _printf_str.o
        36          0          0          0          0         84   _printf_truncate.o
         6          0          0          0          0          0   _printf_u.o
        44          0          0          0          0        108   _printf_wchar.o
       188          6          8          0          0         92   _printf_wctomb.o
         6          0          0          0          0          0   _printf_x.o
        22          0          0          0          0        100   _rserrno.o
        10          0          0          0          0         68   _sputc.o
        64          0          0          0          0         92   _wcrtomb.o
        16          0          0          0          0         72   abort.o
       124         40          0          0          0         76   assert.o
        20          0          0          0          0         76   assert_puts.o
       216          4        148          0          0         96   bigflt0.o
      1910        128          0          0          0        672   btod.o
        36          4          0          0          0         76   c89vsprintf.o
         8          0          0          0          0         68   defsig_abrt_formal.o
         8          0          0          0          0         68   defsig_pvfn_formal.o
         8          0          0          0          0         68   defsig_rtmem_formal.o
        12          0          0          0          0         72   exit.o
        94          0          0          0          0         80   h1_alloc.o
        52          0          0          0          0         68   h1_extend.o
        78          0          0          0          0         80   h1_free.o
        14          0          0          0          0         84   h1_init.o
         6          0          0          0          0        152   heapauxi.o
         4          0          0          0          0        136   hguard.o
         0          0          0          0          0          0   indicate_semi.o
        36         10          0          0          0         80   init_aeabi.o
       138          0          0          0          0        168   init_alloc.o
        44         10        272          0          0         76   lc_ctype_c.o
        44         10         28          0          0         76   lc_numeric_c.o
         2          0          0          0          0          0   libinit.o
        46          0          0          0          0          0   libinit2.o
         2          0          0          0          0          0   libshutdown.o
         2          0          0          0          0          0   libshutdown2.o
         8          4          0          0         96         68   libspace.o
       138          0          0          0          0         80   lludiv10.o
       238          0          0          0          0        100   lludivv7m.o
         0          0          0          0          0          0   maybetermalloc1.o
        16          4          0          0          0         76   rt_ctype_table.o
         8          4          0          0          0         68   rt_eh_globals_addr_intlibspace.o
         8          4          0          0          0         68   rt_errno_addr_intlibspace.o
         8          4          0          0          0         68   rt_heap_descriptor_intlibspace.o
         8          4          0          0          0         68   rt_locale_intlibspace.o
        78          0          0          0          0         80   rt_memclr_w.o
       138          0          0          0          0         68   rt_memcpy_v6.o
       100          0          0          0          0         80   rt_memcpy_w.o
         8          4          0          0          0         68   rt_new_handler_addr_intlibspace.o
        20          0          0          0          0         80   rt_raise.o
         0          0          0          0          0          0   rtentry.o
        12          0          0          0          0          0   rtentry2.o
         6          0          0          0          0          0   rtentry4.o
         2          0          0          0          0          0   rtexit.o
        10          0          0          0          0          0   rtexit2.o
       128          0          0          0          0         68   strcmpv7m.o
        72          0          0          0          0         80   strcpy.o
        62          0          0          0          0         76   strlen.o
        12          4          0          0          0         68   sys_exit.o
        74          0          0          0          0         80   sys_stackheap_outer.o
        14          0          0          0          0         76   sys_wrch.o
         2          0          0          0          0         68   use_no_semi.o
        36          0          0          0          0         84   aeabi_vec_ctor_nocookie_nodtor.o
        34          0          0          0          0         84   aeabi_vec_dtor_noexceptions.o
        80         12          0          0          0        104   arm_exceptions_globs.o
        60          0          0          0          0        108   arm_exceptions_mem.o
        26          0          0          0          0         76   arm_exceptions_terminate.o
         4          0          0          0          0         68   arm_newhandler_noexceptions.o
         8          0          0          0          0         76   array_del.o
         8          0          0          0          0         76   array_new.o
         8          0          0          0          0         76   array_nonew.o
         8          0          0          0          0         76   delete.o
        40          6          0          0          0         76   new.o
         8          0          0          0          0         68   new_cheapnothrow.o
         8          0          0          0          0         76   new_wrapnothrow.o
         0          0          1          0          0          0   nothrow_obj.o
         6          0          0          0          0         68   pure_virt.o
        98          4          0          0          0        140   d2f.o
       688        140          0          0          0        256   ddiv.o
        38          0          0          0          0        116   dflt_clz.o
       340         12          0          0          0        152   dmul.o
       156          4          0          0          0        140   dnaninf.o
        12          0          0          0          0        116   dretinf.o
        86          4          0          0          0        132   f2d.o
        54          0          0          0          0        348   faddsub_clz.o
        24          0          0          0          0        116   fcmpi.o
        18          0          0          0          0        116   fdiv.o
        14          0          0          0          0        116   ffix.o
        14          0          0          0          0        116   ffixu.o
        28          0          0          0          0        232   fflt_clz.o
        48          4          0          0          0        132   fleqf.o
        18          0          0          0          0        116   fmul.o
       140          4          0          0          0        132   fnaninf.o
        10          0          0          0          0        116   fpinit.o
        10          0          0          0          0        116   fretinf.o
        40          0          0          0          0        116   frleqf.o
         4          0          0          0          0        116   printf1.o
         0          0          0          0          0          0   usenofp.o
       160         26          0          0          0         92   amic.o
       276         24         64          0          0         96   atmel.o
      1628        208       2738         20          0      17988   camera.o
       220         26          0          0          0         88   chi.o
      5226         46         24          0          0      41324   chirp.o
      1104        134          0         40          0       9135   debug_frmwrk.o
       184         12          0          0          0         96   eon.o
       188         24          0          0          0         96   esmt.o
       352         44          0          0          0        232   falcon_details.o
       192         10          0          0          0       1818   flash.o
        80         18          0          0          0       1130   fpu_init.o
       176         20          0          0          0         96   giga.o
       256         38          0         12          0       5576   ipc_mbx.o
       966        132        718         21         12       6271   led.o
       222          8          0          0          0       7059   lpc43xx_adc.o
      1208        124       1246         68          0      44883   lpc43xx_cgu.o
        36          6          0          0          0        937   lpc43xx_scu.o
       262          8          0          0          0       7887   lpc43xx_ssp.o
      1438         52          0          0          0      17585   lpc43xx_uart.o
       404         28        130          0          0         92   macronix.o
       260         34          0          4          0       4279   misc.o
       376         40          0          0          0        184   numonyx.o
      1292         60        724          1          0      17309   param.o
      1000        168          0         13          0      17848   pixy_init.o
      1000         72          0          0        128       6079   platform_config.o
       168         22        416          0          0       3719   power.o
       916        230       1366         12          0       5637   rcservo.o
       602         24          0          0          0       5920   sccb.o
       246         44         36          0          0       5508   smlink.o
       236         24          0          0          0        112   spansion.o
      4848        116          0          0          0       1148   spifi_rom_api.o
       184         26        120          0          0         88   sst.o
        76         26        284          0      28160        880   startup_lpc43xx_m4.o
        20          4          0          0          0        477   system_lpc43xx.o
      2346        272          0         36         64      52020   usbcore.o
         0          0        296          0          0       1010   usbdesc.o
      2162        200          0          4        844      31474   usbhw.o
       404         52         72          4         64       7534   usblink.o
       570        132          0         44          0       7886   usbuser.o
       252         20          0          0          0        172   winbond.o
       608         90          0          0          0        300   atan2f.o
       360         62          0          0          0        248   cosf.o
       488         66         48          0          0        212   expf.o
        48          0          0          0          0        124   fpclassify.o
        38          0          0          0          0        116   fpclassifyf.o
        16          6          0          0          0        116   funder.o
       388         48         64          0          0        248   logf.o
       320         24         32          0          0        160   rredf.o
       412         60          0          0          0        316   sinf.o
        62          0          0          0          0        136   sqrtf.o
       392         62          0          0          0        304   tanf.o

    ----------------------------------------------------------------------
     44342       3490       8902        288      30672     344193   Library Totals
        60          0         10          9       1304          0   (incl. Padding)

    ----------------------------------------------------------------------

      Code (inc. data)   RO Data    RW Data    ZI Data      Debug   Library Name

      7440        328        513          0         96       6092   c_w.l
       334         18          1          0          0       1116   cpprt_w.l
      1840        172          0          0          0       2940   fz_wm.l
     31536       2554       8234        279      29272     331765   libpixy_m4.lib
      3132        418        144          0          0       2280   m_wm.l

    ----------------------------------------------------------------------
     44342       3490       8902        288      30672     344193   Library Totals

    ----------------------------------------------------------------------

==============================================================================


      Code (inc. data)   RO Data    RW Data    ZI Data      Debug   

     63266       5130      17606        424      30792     593161   Grand Totals
     63266       5130      17606         76      30792     593161   ELF Image Totals (compressed)
     63266       5130      17606         76          0          0   ROM Totals

==============================================================================

    Total RO  Size (Code + RO Data)                80872 (  78.98kB)
    Total RW  Size (RW Data + ZI Data)             31216 (  30.48kB)
    Total ROM Size (Code + RO Data + RW Data)      80948 (  79.05kB)

==============================================================================

